// Jest Snapshot v1, https://goo.gl/fbAQLP

exports[`should match snapshot 1`] = `
Object {
  "asFragment": [Function],
  "baseElement": <body>
    <div>
      <div
        class="MuiBox-root css-0"
      >
        <div
          class="makeStyles-frame-3 MuiBox-root css-0"
        >
          <div
            class="makeStyles-fixed-4 MuiBox-root css-0"
          >
            <div
              class="makeStyles-breadcrumb-5 MuiBox-root css-0"
            >
              <nav
                aria-label="breadcrumb"
                class="MuiTypography-root MuiTypography-body1 MuiBreadcrumbs-root css-63vwl1-MuiTypography-root-MuiBreadcrumbs-root"
              >
                <ol
                  class="MuiBreadcrumbs-ol css-4pdmu4-MuiBreadcrumbs-ol"
                >
                  <li
                    class="MuiBreadcrumbs-li"
                  >
                    <a
                      class="MuiTypography-root MuiTypography-body1 css-ahj2mt-MuiTypography-root"
                      href="/new-ui/"
                    >
                      Top
                    </a>
                  </li>
                  <li
                    aria-hidden="true"
                    class="MuiBreadcrumbs-separator css-1wuw8dw-MuiBreadcrumbs-separator"
                  >
                    /
                  </li>
                  <li
                    class="MuiBreadcrumbs-li"
                  >
                    <a
                      class="MuiTypography-root MuiTypography-body1 css-ahj2mt-MuiTypography-root"
                      href="/new-ui/entities"
                    >
                      エンティティ一覧
                    </a>
                  </li>
                  <li
                    aria-hidden="true"
                    class="MuiBreadcrumbs-separator css-1wuw8dw-MuiBreadcrumbs-separator"
                  >
                    /
                  </li>
                  <li
                    class="MuiBreadcrumbs-li"
                  >
                    <div
                      class="MuiBox-root css-k008qs"
                    >
                      <a
                        class="MuiTypography-root MuiTypography-body1 css-ahj2mt-MuiTypography-root"
                        href="/new-ui/entities/2/entries"
                      >
                        bbb
                      </a>
                      <svg
                        aria-hidden="true"
                        class="MuiSvgIcon-root MuiSvgIcon-fontSizeMedium css-i4bv87-MuiSvgIcon-root"
                        data-testid="LockIcon"
                        focusable="false"
                        viewBox="0 0 24 24"
                      >
                        <path
                          d="M18 8h-1V6c0-2.76-2.24-5-5-5S7 3.24 7 6v2H6c-1.1 0-2 .9-2 2v10c0 1.1.9 2 2 2h12c1.1 0 2-.9 2-2V10c0-1.1-.9-2-2-2zm-6 9c-1.1 0-2-.9-2-2s.9-2 2-2 2 .9 2 2-.9 2-2 2zm3.1-9H8.9V6c0-1.71 1.39-3.1 3.1-3.1 1.71 0 3.1 1.39 3.1 3.1v2z"
                        />
                      </svg>
                    </div>
                  </li>
                  <li
                    aria-hidden="true"
                    class="MuiBreadcrumbs-separator css-1wuw8dw-MuiBreadcrumbs-separator"
                  >
                    /
                  </li>
                  <li
                    class="MuiBreadcrumbs-li"
                  >
                    <div
                      class="MuiBox-root css-k008qs"
                    >
                      <a
                        class="MuiTypography-root MuiTypography-body1 css-ahj2mt-MuiTypography-root"
                        href="/new-ui/entities/2/entries/1/details"
                      >
                        aaa
                      </a>
                      <svg
                        aria-hidden="true"
                        class="MuiSvgIcon-root MuiSvgIcon-fontSizeMedium css-i4bv87-MuiSvgIcon-root"
                        data-testid="LockIcon"
                        focusable="false"
                        viewBox="0 0 24 24"
                      >
                        <path
                          d="M18 8h-1V6c0-2.76-2.24-5-5-5S7 3.24 7 6v2H6c-1.1 0-2 .9-2 2v10c0 1.1.9 2 2 2h12c1.1 0 2-.9 2-2V10c0-1.1-.9-2-2-2zm-6 9c-1.1 0-2-.9-2-2s.9-2 2-2 2 .9 2 2-.9 2-2 2zm3.1-9H8.9V6c0-1.71 1.39-3.1 3.1-3.1 1.71 0 3.1 1.39 3.1 3.1v2z"
                        />
                      </svg>
                    </div>
                  </li>
                  <li
                    aria-hidden="true"
                    class="MuiBreadcrumbs-separator css-1wuw8dw-MuiBreadcrumbs-separator"
                  >
                    /
                  </li>
                  <li
                    class="MuiBreadcrumbs-li"
                  >
                    <p
                      class="MuiTypography-root MuiTypography-body1 css-ahj2mt-MuiTypography-root"
                    >
                      コピー
                    </p>
                  </li>
                </ol>
              </nav>
            </div>
          </div>
        </div>
        <div
          class="makeStyles-frame-6 MuiBox-root css-0"
        >
          <div
            class="makeStyles-fixed-7 MuiBox-root css-0"
          >
            <div
              class="makeStyles-headerTop-8 MuiBox-root css-0"
            >
              <div
                class="makeStyles-titleBox-10 MuiBox-root css-0"
              >
                <h2
                  class="MuiTypography-root MuiTypography-h2 makeStyles-title-11 css-1l0a44s-MuiTypography-root"
                >
                  aaa
                </h2>
                <h4
                  class="MuiTypography-root MuiTypography-h4 css-1yvpk5c-MuiTypography-root"
                >
                  エントリのコピーを作成
                </h4>
              </div>
              <div
                class="MuiBox-root css-zdpt2t"
              >
                <div
                  class="MuiBox-root css-0"
                >
                  <button
                    class="MuiButtonBase-root MuiIconButton-root MuiIconButton-sizeMedium css-78trlr-MuiButtonBase-root-MuiIconButton-root"
                    tabindex="0"
                    type="button"
                  >
                    <svg
                      aria-hidden="true"
                      class="MuiSvgIcon-root MuiSvgIcon-fontSizeMedium css-i4bv87-MuiSvgIcon-root"
                      data-testid="AppsIcon"
                      focusable="false"
                      viewBox="0 0 24 24"
                    >
                      <path
                        d="M4 8h4V4H4v4zm6 12h4v-4h-4v4zm-6 0h4v-4H4v4zm0-6h4v-4H4v4zm6 0h4v-4h-4v4zm6-10v4h4V4h-4zm-6 4h4V4h-4v4zm6 6h4v-4h-4v4zm0 6h4v-4h-4v4z"
                      />
                    </svg>
                    <span
                      class="MuiTouchRipple-root css-8je8zh-MuiTouchRipple-root"
                    />
                  </button>
                </div>
              </div>
            </div>
            <div
              class="makeStyles-headerBottom-9 MuiBox-root css-0"
            >
              <p
                class="MuiTypography-root MuiTypography-body1 css-ahj2mt-MuiTypography-root"
              >
                入力した各行ごとに aaa と同じ属性を持つ別のエントリを作成
              </p>
              <div
                class="MuiBox-root css-zdpt2t"
              >
                <div
                  class="MuiBox-root css-1l4w6pd"
                >
                  <div
                    class="MuiBox-root css-qbrse1"
                  >
                    <button
                      class="MuiButton-root MuiButton-contained MuiButton-containedSecondary MuiButton-sizeMedium MuiButton-containedSizeMedium MuiButtonBase-root Mui-disabled  css-zcbmsk-MuiButtonBase-root-MuiButton-root"
                      disabled=""
                      tabindex="-1"
                      type="button"
                    >
                      コピーを作成
                    </button>
                  </div>
                  <div
                    class="MuiBox-root css-qbrse1"
                  >
                    <button
                      class="MuiButton-root MuiButton-outlined MuiButton-outlinedPrimary MuiButton-sizeMedium MuiButton-outlinedSizeMedium MuiButtonBase-root  css-1rwt2y5-MuiButtonBase-root-MuiButton-root"
                      tabindex="0"
                      type="button"
                    >
                      キャンセル
                      <span
                        class="MuiTouchRipple-root css-8je8zh-MuiTouchRipple-root"
                      />
                    </button>
                  </div>
                </div>
              </div>
            </div>
            <hr
              class="MuiDivider-root MuiDivider-fullWidth MuiDivider-flexItem css-ez40jo-MuiDivider-root"
            />
          </div>
        </div>
        <div
          class="MuiBox-root css-0"
        >
          <div
            class="MuiContainer-root MuiContainer-maxWidthLg css-1oqqzyl-MuiContainer-root"
          >
            <div
              class="MuiFormControl-root MuiFormControl-fullWidth MuiTextField-root css-1yfsu71-MuiFormControl-root-MuiTextField-root"
            >
              <div
                class="MuiOutlinedInput-root MuiInputBase-root MuiInputBase-colorPrimary MuiInputBase-fullWidth MuiInputBase-formControl MuiInputBase-multiline css-8ewcdo-MuiInputBase-root-MuiOutlinedInput-root"
              >
                <textarea
                  aria-invalid="false"
                  class="MuiOutlinedInput-input MuiInputBase-input MuiInputBase-inputMultiline css-1sqnrkk-MuiInputBase-input-MuiOutlinedInput-input"
                  id="mui-1"
                  placeholder="コピーするエントリ名"
                  style="height: 0px; overflow: hidden;"
                />
                <textarea
                  aria-hidden="true"
                  class="MuiOutlinedInput-input MuiInputBase-input MuiInputBase-inputMultiline css-1sqnrkk-MuiInputBase-input-MuiOutlinedInput-input"
                  readonly=""
                  style="visibility: hidden; position: absolute; overflow: hidden; height: 0px; top: 0px; left: 0px; transform: translateZ(0); padding: 0px; width: 100%;"
                  tabindex="-1"
                />
                <fieldset
                  aria-hidden="true"
                  class="MuiOutlinedInput-notchedOutline css-1d3z3hw-MuiOutlinedInput-notchedOutline"
                >
                  <legend
                    class="css-hdw1oc"
                  >
                    <span
                      class="notranslate"
                    >
                      ​
                    </span>
                  </legend>
                </fieldset>
              </div>
            </div>
            <div
              class="makeStyles-sampleBox-12 MuiBox-root css-k008qs"
            >
              <h6
                class="MuiTypography-root MuiTypography-h6 css-41zwy8-MuiTypography-root"
              >
                SAMPLE
              </h6>
              <p
                class="MuiTypography-root MuiTypography-body1 css-vkc4v8-MuiTypography-root"
              >
                (Vm0001、vm0002、…vm006の6エントリを作成する場合）
              </p>
              <div
                class="MuiFormControl-root MuiTextField-root css-p2l10m-MuiFormControl-root-MuiTextField-root"
              >
                <label
                  class="MuiInputLabel-root MuiInputLabel-formControl MuiInputLabel-animated MuiInputLabel-shrink MuiInputLabel-outlined MuiFormLabel-root MuiFormLabel-colorPrimary Mui-disabled MuiFormLabel-filled css-1sumxir-MuiFormLabel-root-MuiInputLabel-root"
                  data-shrink="true"
                  for="mui-2"
                  id="mui-2-label"
                >
                  コピーするエントリ名
                </label>
                <div
                  class="MuiOutlinedInput-root MuiInputBase-root MuiInputBase-colorPrimary Mui-disabled MuiInputBase-formControl MuiInputBase-multiline css-dpjnhs-MuiInputBase-root-MuiOutlinedInput-root"
                >
                  <textarea
                    aria-invalid="false"
                    class="MuiOutlinedInput-input MuiInputBase-input Mui-disabled MuiInputBase-inputMultiline css-1sqnrkk-MuiInputBase-input-MuiOutlinedInput-input"
                    disabled=""
                    id="mui-2"
                    style="height: 0px; overflow: hidden;"
                  >
                    vm0001
vm0002
vm0003
vm0004
vm0005
vm0006
                  </textarea>
                  <textarea
                    aria-hidden="true"
                    class="MuiOutlinedInput-input MuiInputBase-input Mui-disabled MuiInputBase-inputMultiline css-1sqnrkk-MuiInputBase-input-MuiOutlinedInput-input"
                    readonly=""
                    style="visibility: hidden; position: absolute; overflow: hidden; height: 0px; top: 0px; left: 0px; transform: translateZ(0); padding: 0px; width: 100%;"
                    tabindex="-1"
                  />
                  <fieldset
                    aria-hidden="true"
                    class="MuiOutlinedInput-notchedOutline css-1d3z3hw-MuiOutlinedInput-notchedOutline"
                  >
                    <legend
                      class="css-1in441m"
                    >
                      <span>
                        コピーするエントリ名
                      </span>
                    </legend>
                  </fieldset>
                </div>
              </div>
            </div>
          </div>
        </div>
      </div>
    </div>
  </body>,
  "container": <div>
    <div
      class="MuiBox-root css-0"
    >
      <div
        class="makeStyles-frame-3 MuiBox-root css-0"
      >
        <div
          class="makeStyles-fixed-4 MuiBox-root css-0"
        >
          <div
            class="makeStyles-breadcrumb-5 MuiBox-root css-0"
          >
            <nav
              aria-label="breadcrumb"
              class="MuiTypography-root MuiTypography-body1 MuiBreadcrumbs-root css-63vwl1-MuiTypography-root-MuiBreadcrumbs-root"
            >
              <ol
                class="MuiBreadcrumbs-ol css-4pdmu4-MuiBreadcrumbs-ol"
              >
                <li
                  class="MuiBreadcrumbs-li"
                >
                  <a
                    class="MuiTypography-root MuiTypography-body1 css-ahj2mt-MuiTypography-root"
                    href="/new-ui/"
                  >
                    Top
                  </a>
                </li>
                <li
                  aria-hidden="true"
                  class="MuiBreadcrumbs-separator css-1wuw8dw-MuiBreadcrumbs-separator"
                >
                  /
                </li>
                <li
                  class="MuiBreadcrumbs-li"
                >
                  <a
                    class="MuiTypography-root MuiTypography-body1 css-ahj2mt-MuiTypography-root"
                    href="/new-ui/entities"
                  >
                    エンティティ一覧
                  </a>
                </li>
                <li
                  aria-hidden="true"
                  class="MuiBreadcrumbs-separator css-1wuw8dw-MuiBreadcrumbs-separator"
                >
                  /
                </li>
                <li
                  class="MuiBreadcrumbs-li"
                >
                  <div
                    class="MuiBox-root css-k008qs"
                  >
                    <a
                      class="MuiTypography-root MuiTypography-body1 css-ahj2mt-MuiTypography-root"
                      href="/new-ui/entities/2/entries"
                    >
                      bbb
                    </a>
                    <svg
                      aria-hidden="true"
                      class="MuiSvgIcon-root MuiSvgIcon-fontSizeMedium css-i4bv87-MuiSvgIcon-root"
                      data-testid="LockIcon"
                      focusable="false"
                      viewBox="0 0 24 24"
                    >
                      <path
                        d="M18 8h-1V6c0-2.76-2.24-5-5-5S7 3.24 7 6v2H6c-1.1 0-2 .9-2 2v10c0 1.1.9 2 2 2h12c1.1 0 2-.9 2-2V10c0-1.1-.9-2-2-2zm-6 9c-1.1 0-2-.9-2-2s.9-2 2-2 2 .9 2 2-.9 2-2 2zm3.1-9H8.9V6c0-1.71 1.39-3.1 3.1-3.1 1.71 0 3.1 1.39 3.1 3.1v2z"
                      />
                    </svg>
                  </div>
                </li>
                <li
                  aria-hidden="true"
                  class="MuiBreadcrumbs-separator css-1wuw8dw-MuiBreadcrumbs-separator"
                >
                  /
                </li>
                <li
                  class="MuiBreadcrumbs-li"
                >
                  <div
                    class="MuiBox-root css-k008qs"
                  >
                    <a
                      class="MuiTypography-root MuiTypography-body1 css-ahj2mt-MuiTypography-root"
                      href="/new-ui/entities/2/entries/1/details"
                    >
                      aaa
                    </a>
                    <svg
                      aria-hidden="true"
                      class="MuiSvgIcon-root MuiSvgIcon-fontSizeMedium css-i4bv87-MuiSvgIcon-root"
                      data-testid="LockIcon"
                      focusable="false"
                      viewBox="0 0 24 24"
                    >
                      <path
                        d="M18 8h-1V6c0-2.76-2.24-5-5-5S7 3.24 7 6v2H6c-1.1 0-2 .9-2 2v10c0 1.1.9 2 2 2h12c1.1 0 2-.9 2-2V10c0-1.1-.9-2-2-2zm-6 9c-1.1 0-2-.9-2-2s.9-2 2-2 2 .9 2 2-.9 2-2 2zm3.1-9H8.9V6c0-1.71 1.39-3.1 3.1-3.1 1.71 0 3.1 1.39 3.1 3.1v2z"
                      />
                    </svg>
                  </div>
                </li>
                <li
                  aria-hidden="true"
                  class="MuiBreadcrumbs-separator css-1wuw8dw-MuiBreadcrumbs-separator"
                >
                  /
                </li>
                <li
                  class="MuiBreadcrumbs-li"
                >
                  <p
                    class="MuiTypography-root MuiTypography-body1 css-ahj2mt-MuiTypography-root"
                  >
                    コピー
                  </p>
                </li>
              </ol>
            </nav>
          </div>
        </div>
      </div>
      <div
        class="makeStyles-frame-6 MuiBox-root css-0"
      >
        <div
          class="makeStyles-fixed-7 MuiBox-root css-0"
        >
          <div
            class="makeStyles-headerTop-8 MuiBox-root css-0"
          >
            <div
              class="makeStyles-titleBox-10 MuiBox-root css-0"
            >
              <h2
                class="MuiTypography-root MuiTypography-h2 makeStyles-title-11 css-1l0a44s-MuiTypography-root"
              >
                aaa
              </h2>
              <h4
                class="MuiTypography-root MuiTypography-h4 css-1yvpk5c-MuiTypography-root"
              >
                エントリのコピーを作成
              </h4>
            </div>
            <div
              class="MuiBox-root css-zdpt2t"
            >
              <div
                class="MuiBox-root css-0"
              >
                <button
                  class="MuiButtonBase-root MuiIconButton-root MuiIconButton-sizeMedium css-78trlr-MuiButtonBase-root-MuiIconButton-root"
                  tabindex="0"
                  type="button"
                >
                  <svg
                    aria-hidden="true"
                    class="MuiSvgIcon-root MuiSvgIcon-fontSizeMedium css-i4bv87-MuiSvgIcon-root"
                    data-testid="AppsIcon"
                    focusable="false"
                    viewBox="0 0 24 24"
                  >
                    <path
                      d="M4 8h4V4H4v4zm6 12h4v-4h-4v4zm-6 0h4v-4H4v4zm0-6h4v-4H4v4zm6 0h4v-4h-4v4zm6-10v4h4V4h-4zm-6 4h4V4h-4v4zm6 6h4v-4h-4v4zm0 6h4v-4h-4v4z"
                    />
                  </svg>
                  <span
                    class="MuiTouchRipple-root css-8je8zh-MuiTouchRipple-root"
                  />
                </button>
              </div>
            </div>
          </div>
          <div
            class="makeStyles-headerBottom-9 MuiBox-root css-0"
          >
            <p
              class="MuiTypography-root MuiTypography-body1 css-ahj2mt-MuiTypography-root"
            >
              入力した各行ごとに aaa と同じ属性を持つ別のエントリを作成
            </p>
            <div
              class="MuiBox-root css-zdpt2t"
            >
              <div
                class="MuiBox-root css-1l4w6pd"
              >
                <div
                  class="MuiBox-root css-qbrse1"
                >
                  <button
                    class="MuiButton-root MuiButton-contained MuiButton-containedSecondary MuiButton-sizeMedium MuiButton-containedSizeMedium MuiButtonBase-root Mui-disabled  css-zcbmsk-MuiButtonBase-root-MuiButton-root"
                    disabled=""
                    tabindex="-1"
                    type="button"
                  >
                    コピーを作成
                  </button>
                </div>
                <div
                  class="MuiBox-root css-qbrse1"
                >
                  <button
                    class="MuiButton-root MuiButton-outlined MuiButton-outlinedPrimary MuiButton-sizeMedium MuiButton-outlinedSizeMedium MuiButtonBase-root  css-1rwt2y5-MuiButtonBase-root-MuiButton-root"
                    tabindex="0"
                    type="button"
                  >
                    キャンセル
                    <span
                      class="MuiTouchRipple-root css-8je8zh-MuiTouchRipple-root"
                    />
                  </button>
                </div>
              </div>
            </div>
          </div>
          <hr
            class="MuiDivider-root MuiDivider-fullWidth MuiDivider-flexItem css-ez40jo-MuiDivider-root"
          />
        </div>
      </div>
      <div
        class="MuiBox-root css-0"
      >
        <div
          class="MuiContainer-root MuiContainer-maxWidthLg css-1oqqzyl-MuiContainer-root"
        >
          <div
            class="MuiFormControl-root MuiFormControl-fullWidth MuiTextField-root css-1yfsu71-MuiFormControl-root-MuiTextField-root"
          >
            <div
              class="MuiOutlinedInput-root MuiInputBase-root MuiInputBase-colorPrimary MuiInputBase-fullWidth MuiInputBase-formControl MuiInputBase-multiline css-8ewcdo-MuiInputBase-root-MuiOutlinedInput-root"
            >
              <textarea
                aria-invalid="false"
                class="MuiOutlinedInput-input MuiInputBase-input MuiInputBase-inputMultiline css-1sqnrkk-MuiInputBase-input-MuiOutlinedInput-input"
                id="mui-1"
                placeholder="コピーするエントリ名"
                style="height: 0px; overflow: hidden;"
              />
              <textarea
                aria-hidden="true"
                class="MuiOutlinedInput-input MuiInputBase-input MuiInputBase-inputMultiline css-1sqnrkk-MuiInputBase-input-MuiOutlinedInput-input"
                readonly=""
                style="visibility: hidden; position: absolute; overflow: hidden; height: 0px; top: 0px; left: 0px; transform: translateZ(0); padding: 0px; width: 100%;"
                tabindex="-1"
              />
              <fieldset
                aria-hidden="true"
                class="MuiOutlinedInput-notchedOutline css-1d3z3hw-MuiOutlinedInput-notchedOutline"
              >
                <legend
                  class="css-hdw1oc"
                >
                  <span
                    class="notranslate"
                  >
                    ​
                  </span>
                </legend>
              </fieldset>
            </div>
          </div>
          <div
            class="makeStyles-sampleBox-12 MuiBox-root css-k008qs"
          >
            <h6
              class="MuiTypography-root MuiTypography-h6 css-41zwy8-MuiTypography-root"
            >
              SAMPLE
            </h6>
            <p
              class="MuiTypography-root MuiTypography-body1 css-vkc4v8-MuiTypography-root"
            >
              (Vm0001、vm0002、…vm006の6エントリを作成する場合）
            </p>
            <div
              class="MuiFormControl-root MuiTextField-root css-p2l10m-MuiFormControl-root-MuiTextField-root"
            >
              <label
                class="MuiInputLabel-root MuiInputLabel-formControl MuiInputLabel-animated MuiInputLabel-shrink MuiInputLabel-outlined MuiFormLabel-root MuiFormLabel-colorPrimary Mui-disabled MuiFormLabel-filled css-1sumxir-MuiFormLabel-root-MuiInputLabel-root"
                data-shrink="true"
                for="mui-2"
                id="mui-2-label"
              >
                コピーするエントリ名
              </label>
              <div
                class="MuiOutlinedInput-root MuiInputBase-root MuiInputBase-colorPrimary Mui-disabled MuiInputBase-formControl MuiInputBase-multiline css-dpjnhs-MuiInputBase-root-MuiOutlinedInput-root"
              >
                <textarea
                  aria-invalid="false"
                  class="MuiOutlinedInput-input MuiInputBase-input Mui-disabled MuiInputBase-inputMultiline css-1sqnrkk-MuiInputBase-input-MuiOutlinedInput-input"
                  disabled=""
                  id="mui-2"
                  style="height: 0px; overflow: hidden;"
                >
                  vm0001
vm0002
vm0003
vm0004
vm0005
vm0006
                </textarea>
                <textarea
                  aria-hidden="true"
                  class="MuiOutlinedInput-input MuiInputBase-input Mui-disabled MuiInputBase-inputMultiline css-1sqnrkk-MuiInputBase-input-MuiOutlinedInput-input"
                  readonly=""
                  style="visibility: hidden; position: absolute; overflow: hidden; height: 0px; top: 0px; left: 0px; transform: translateZ(0); padding: 0px; width: 100%;"
                  tabindex="-1"
                />
                <fieldset
                  aria-hidden="true"
                  class="MuiOutlinedInput-notchedOutline css-1d3z3hw-MuiOutlinedInput-notchedOutline"
                >
                  <legend
                    class="css-1in441m"
                  >
                    <span>
                      コピーするエントリ名
                    </span>
                  </legend>
                </fieldset>
              </div>
            </div>
          </div>
        </div>
      </div>
    </div>
  </div>,
  "debug": [Function],
  "findAllByAltText": [Function],
  "findAllByDisplayValue": [Function],
  "findAllByLabelText": [Function],
  "findAllByPlaceholderText": [Function],
  "findAllByRole": [Function],
  "findAllByTestId": [Function],
  "findAllByText": [Function],
  "findAllByTitle": [Function],
  "findByAltText": [Function],
  "findByDisplayValue": [Function],
  "findByLabelText": [Function],
  "findByPlaceholderText": [Function],
  "findByRole": [Function],
  "findByTestId": [Function],
  "findByText": [Function],
  "findByTitle": [Function],
  "getAllByAltText": [Function],
  "getAllByDisplayValue": [Function],
  "getAllByLabelText": [Function],
  "getAllByPlaceholderText": [Function],
  "getAllByRole": [Function],
  "getAllByTestId": [Function],
  "getAllByText": [Function],
  "getAllByTitle": [Function],
  "getByAltText": [Function],
  "getByDisplayValue": [Function],
  "getByLabelText": [Function],
  "getByPlaceholderText": [Function],
  "getByRole": [Function],
  "getByTestId": [Function],
  "getByText": [Function],
  "getByTitle": [Function],
  "queryAllByAltText": [Function],
  "queryAllByDisplayValue": [Function],
  "queryAllByLabelText": [Function],
  "queryAllByPlaceholderText": [Function],
  "queryAllByRole": [Function],
  "queryAllByTestId": [Function],
  "queryAllByText": [Function],
  "queryAllByTitle": [Function],
  "queryByAltText": [Function],
  "queryByDisplayValue": [Function],
  "queryByLabelText": [Function],
  "queryByPlaceholderText": [Function],
  "queryByRole": [Function],
  "queryByTestId": [Function],
  "queryByText": [Function],
  "queryByTitle": [Function],
  "rerender": [Function],
  "unmount": [Function],
}
`;
