// Jest Snapshot v1, https://goo.gl/fbAQLP

exports[`should match snapshot 1`] = `
Object {
  "asFragment": [Function],
  "baseElement": <body>
    <div>
      <div
        class="MuiBox-root css-0"
      >
        <div
          class="makeStyles-wrapper-1 MuiBox-root css-0"
        >
          <div
            class="MuiToolbar-root MuiToolbar-gutters MuiToolbar-regular css-1t29gy6-MuiToolbar-root"
          >
            <nav
              aria-label="breadcrumb"
              class="MuiTypography-root MuiTypography-body1 MuiBreadcrumbs-root css-63vwl1-MuiTypography-root-MuiBreadcrumbs-root"
            >
              <ol
                class="MuiBreadcrumbs-ol css-4pdmu4-MuiBreadcrumbs-ol"
              >
                <li
                  class="MuiBreadcrumbs-li"
                >
                  <a
                    class="MuiTypography-root MuiTypography-body1 css-ahj2mt-MuiTypography-root"
                    href="/new-ui/"
                  >
                    Top
                  </a>
                </li>
                <li
                  aria-hidden="true"
                  class="MuiBreadcrumbs-separator css-1wuw8dw-MuiBreadcrumbs-separator"
                >
                  /
                </li>
                <li
                  class="MuiBreadcrumbs-li"
                >
                  <a
                    class="MuiTypography-root MuiTypography-body1 css-ahj2mt-MuiTypography-root"
                    href="/new-ui/entities"
                  >
                    エンティティ一覧
                  </a>
                </li>
                <li
                  aria-hidden="true"
                  class="MuiBreadcrumbs-separator css-1wuw8dw-MuiBreadcrumbs-separator"
                >
                  /
                </li>
                <li
                  class="MuiBreadcrumbs-li"
                >
                  <a
                    class="MuiTypography-root MuiTypography-body1 css-ahj2mt-MuiTypography-root"
                    href="/new-ui/entities/undefined/entries"
                  />
                </li>
                <li
                  aria-hidden="true"
                  class="MuiBreadcrumbs-separator css-1wuw8dw-MuiBreadcrumbs-separator"
                >
                  /
                </li>
                <li
                  class="MuiBreadcrumbs-li"
                >
                  <p
                    class="MuiTypography-root MuiTypography-body1 css-1gqyz35-MuiTypography-root"
                  >
                    エンティティ編集
                  </p>
                </li>
              </ol>
            </nav>
          </div>
        </div>
        <div
          class="MuiTabs-root css-1ujnqem-MuiTabs-root"
        >
          <div
            class="MuiTabs-scroller MuiTabs-fixed css-jpln7h-MuiTabs-scroller"
            style="overflow: hidden; margin-bottom: 0px;"
          >
            <div
              class="MuiTabs-flexContainer css-heg063-MuiTabs-flexContainer"
              role="tablist"
            >
              <button
                aria-selected="true"
                class="MuiButtonBase-root MuiTab-root MuiTab-textColorPrimary Mui-selected css-1h9z7r5-MuiButtonBase-root-MuiTab-root"
                role="tab"
                tabindex="0"
                type="button"
              >
                編集
                <span
                  class="MuiTouchRipple-root css-8je8zh-MuiTouchRipple-root"
                />
              </button>
              <button
                aria-selected="false"
                class="MuiButtonBase-root MuiTab-root MuiTab-textColorPrimary css-1h9z7r5-MuiButtonBase-root-MuiTab-root"
                role="tab"
                tabindex="-1"
                type="button"
              >
                設定
                <span
                  class="MuiTouchRipple-root css-8je8zh-MuiTouchRipple-root"
                />
              </button>
            </div>
            <span
              class="MuiTabs-indicator css-1aquho2-MuiTabs-indicator"
              style="left: 0px; width: 0px;"
            />
          </div>
        </div>
        <div
          class="MuiBox-root css-0"
        >
          <form>
            <div
              class="container-fluid MuiBox-root css-0"
            >
              <div
                class="row MuiBox-root css-0"
              >
                <div
                  class="col MuiBox-root css-0"
                >
                  <div
                    class="float-right MuiBox-root css-0"
                  >
                    <button
                      class="MuiButton-root MuiButton-contained MuiButton-containedSecondary MuiButton-sizeMedium MuiButton-containedSizeMedium MuiButtonBase-root makeStyles-button-4 css-zcbmsk-MuiButtonBase-root-MuiButton-root"
                      tabindex="0"
                      type="submit"
                    >
                      保存
                      <span
                        class="MuiTouchRipple-root css-8je8zh-MuiTouchRipple-root"
                      />
                    </button>
                  </div>
                  <table
                    class="MuiTable-root table table-bordered css-rqglhn-MuiTable-root"
                  >
                    <tbody
                      class="MuiTableBody-root css-apqrd9-MuiTableBody-root"
                    >
                      <tr
                        class="MuiTableRow-root css-1q1u3t4-MuiTableRow-root"
                      >
                        <td
                          class="MuiTableCell-root MuiTableCell-body MuiTableCell-sizeMedium css-1ex1afd-MuiTableCell-root"
                        >
                          エンティティ名
                        </td>
                        <td
                          class="MuiTableCell-root MuiTableCell-body MuiTableCell-sizeMedium css-1ex1afd-MuiTableCell-root"
                        >
                          <div
                            class="MuiInput-root MuiInput-underline MuiInputBase-root MuiInputBase-colorPrimary css-a88p61-MuiInputBase-root-MuiInput-root"
                          >
                            <input
                              class="MuiInput-input MuiInputBase-input css-1x51dt5-MuiInputBase-input-MuiInput-input"
                              name="name"
                              type="text"
                              value=""
                            />
                          </div>
                        </td>
                      </tr>
                      <tr
                        class="MuiTableRow-root css-1q1u3t4-MuiTableRow-root"
                      >
                        <td
                          class="MuiTableCell-root MuiTableCell-body MuiTableCell-sizeMedium css-1ex1afd-MuiTableCell-root"
                        >
                          備考
                        </td>
                        <td
                          class="MuiTableCell-root MuiTableCell-body MuiTableCell-sizeMedium css-1ex1afd-MuiTableCell-root"
                        >
                          <div
                            class="MuiInput-root MuiInput-underline MuiInputBase-root MuiInputBase-colorPrimary css-a88p61-MuiInputBase-root-MuiInput-root"
                          >
                            <input
                              class="MuiInput-input MuiInputBase-input css-1x51dt5-MuiInputBase-input-MuiInput-input"
                              name="note"
                              type="text"
                              value=""
                            />
                          </div>
                        </td>
                      </tr>
                      <tr
                        class="MuiTableRow-root css-1q1u3t4-MuiTableRow-root"
                      >
                        <td
                          class="MuiTableCell-root MuiTableCell-body MuiTableCell-sizeMedium css-1ex1afd-MuiTableCell-root"
                        >
                          サイドバーに表示
                        </td>
                        <td
                          class="MuiTableCell-root MuiTableCell-body MuiTableCell-sizeMedium css-1ex1afd-MuiTableCell-root"
                        >
                          <span
                            class="MuiCheckbox-root MuiCheckbox-colorPrimary MuiButtonBase-root MuiCheckbox-root MuiCheckbox-colorPrimary PrivateSwitchBase-root css-12wnr2w-MuiButtonBase-root-MuiCheckbox-root"
                          >
                            <input
                              class="PrivateSwitchBase-input css-1m9pwf3"
                              data-indeterminate="false"
                              type="checkbox"
                            />
                            <svg
                              aria-hidden="true"
                              class="MuiSvgIcon-root MuiSvgIcon-fontSizeMedium css-i4bv87-MuiSvgIcon-root"
                              data-testid="CheckBoxOutlineBlankIcon"
                              focusable="false"
                              viewBox="0 0 24 24"
                            >
                              <path
                                d="M19 5v14H5V5h14m0-2H5c-1.1 0-2 .9-2 2v14c0 1.1.9 2 2 2h14c1.1 0 2-.9 2-2V5c0-1.1-.9-2-2-2z"
                              />
                            </svg>
                            <span
                              class="MuiTouchRipple-root css-8je8zh-MuiTouchRipple-root"
                            />
                          </span>
                        </td>
                      </tr>
                    </tbody>
                  </table>
                  <table
                    class="MuiTable-root table table-bordered css-rqglhn-MuiTable-root"
                  >
                    <thead
                      class="MuiTableHead-root css-15wwp11-MuiTableHead-root"
                    >
                      <tr
                        class="MuiTableRow-root MuiTableRow-head css-1q1u3t4-MuiTableRow-root"
                      >
                        <th
                          class="MuiTableCell-root MuiTableCell-head MuiTableCell-sizeMedium css-1ygcj2i-MuiTableCell-root"
                          scope="col"
                        >
                          属性名
                        </th>
                        <th
                          class="MuiTableCell-root MuiTableCell-head MuiTableCell-sizeMedium css-1ygcj2i-MuiTableCell-root"
                          scope="col"
                        >
                          型
                        </th>
                        <th
                          class="MuiTableCell-root MuiTableCell-head MuiTableCell-sizeMedium css-1ygcj2i-MuiTableCell-root"
                          scope="col"
                        >
                          オプション
                        </th>
                        <th
                          class="MuiTableCell-root MuiTableCell-head MuiTableCell-sizeMedium css-1ygcj2i-MuiTableCell-root"
                          scope="col"
                        />
                      </tr>
                    </thead>
                    <tbody
                      class="MuiTableBody-root css-apqrd9-MuiTableBody-root"
                      id="sortdata"
                    />
                  </table>
                </div>
              </div>
              <div
                class="row MuiBox-root css-0"
              >
                <div
                  class="col MuiBox-root css-0"
                >
                  <button
                    class="MuiButton-root MuiButton-outlined MuiButton-outlinedPrimary MuiButton-sizeMedium MuiButton-outlinedSizeMedium MuiButtonBase-root makeStyles-button-4 css-1rwt2y5-MuiButtonBase-root-MuiButton-root"
                    tabindex="0"
                    type="button"
                  >
                    属性追加
                    <span
                      class="MuiTouchRipple-root css-8je8zh-MuiTouchRipple-root"
                    />
                  </button>
                </div>
              </div>
            </div>
          </form>
        </div>
        <div
          class="MuiBox-root css-0"
          hidden=""
        >
          <p
            class="MuiTypography-root MuiTypography-body1 css-ahj2mt-MuiTypography-root"
          >
            未作成のエンティティはWebhookを設定できません。まずエンティティを作成してください。
          </p>
        </div>
      </div>
    </div>
  </body>,
  "container": <div>
    <div
      class="MuiBox-root css-0"
    >
      <div
        class="makeStyles-wrapper-1 MuiBox-root css-0"
      >
        <div
          class="MuiToolbar-root MuiToolbar-gutters MuiToolbar-regular css-1t29gy6-MuiToolbar-root"
        >
          <nav
            aria-label="breadcrumb"
            class="MuiTypography-root MuiTypography-body1 MuiBreadcrumbs-root css-63vwl1-MuiTypography-root-MuiBreadcrumbs-root"
          >
            <ol
              class="MuiBreadcrumbs-ol css-4pdmu4-MuiBreadcrumbs-ol"
            >
              <li
                class="MuiBreadcrumbs-li"
              >
                <a
                  class="MuiTypography-root MuiTypography-body1 css-ahj2mt-MuiTypography-root"
                  href="/new-ui/"
                >
                  Top
                </a>
              </li>
              <li
                aria-hidden="true"
                class="MuiBreadcrumbs-separator css-1wuw8dw-MuiBreadcrumbs-separator"
              >
                /
              </li>
              <li
                class="MuiBreadcrumbs-li"
              >
                <a
                  class="MuiTypography-root MuiTypography-body1 css-ahj2mt-MuiTypography-root"
                  href="/new-ui/entities"
                >
                  エンティティ一覧
                </a>
              </li>
              <li
                aria-hidden="true"
                class="MuiBreadcrumbs-separator css-1wuw8dw-MuiBreadcrumbs-separator"
              >
                /
              </li>
              <li
                class="MuiBreadcrumbs-li"
              >
                <a
                  class="MuiTypography-root MuiTypography-body1 css-ahj2mt-MuiTypography-root"
                  href="/new-ui/entities/undefined/entries"
                />
              </li>
              <li
                aria-hidden="true"
                class="MuiBreadcrumbs-separator css-1wuw8dw-MuiBreadcrumbs-separator"
              >
                /
              </li>
              <li
                class="MuiBreadcrumbs-li"
              >
                <p
                  class="MuiTypography-root MuiTypography-body1 css-1gqyz35-MuiTypography-root"
                >
                  エンティティ編集
                </p>
              </li>
            </ol>
          </nav>
        </div>
      </div>
      <div
        class="MuiTabs-root css-1ujnqem-MuiTabs-root"
      >
        <div
          class="MuiTabs-scroller MuiTabs-fixed css-jpln7h-MuiTabs-scroller"
          style="overflow: hidden; margin-bottom: 0px;"
        >
          <div
            class="MuiTabs-flexContainer css-heg063-MuiTabs-flexContainer"
            role="tablist"
          >
            <button
              aria-selected="true"
              class="MuiButtonBase-root MuiTab-root MuiTab-textColorPrimary Mui-selected css-1h9z7r5-MuiButtonBase-root-MuiTab-root"
              role="tab"
              tabindex="0"
              type="button"
            >
              編集
              <span
                class="MuiTouchRipple-root css-8je8zh-MuiTouchRipple-root"
              />
            </button>
            <button
              aria-selected="false"
              class="MuiButtonBase-root MuiTab-root MuiTab-textColorPrimary css-1h9z7r5-MuiButtonBase-root-MuiTab-root"
              role="tab"
              tabindex="-1"
              type="button"
            >
              設定
              <span
                class="MuiTouchRipple-root css-8je8zh-MuiTouchRipple-root"
              />
            </button>
          </div>
          <span
            class="MuiTabs-indicator css-1aquho2-MuiTabs-indicator"
            style="left: 0px; width: 0px;"
          />
        </div>
      </div>
      <div
        class="MuiBox-root css-0"
      >
        <form>
          <div
            class="container-fluid MuiBox-root css-0"
          >
            <div
              class="row MuiBox-root css-0"
            >
              <div
                class="col MuiBox-root css-0"
              >
                <div
                  class="float-right MuiBox-root css-0"
                >
                  <button
                    class="MuiButton-root MuiButton-contained MuiButton-containedSecondary MuiButton-sizeMedium MuiButton-containedSizeMedium MuiButtonBase-root makeStyles-button-4 css-zcbmsk-MuiButtonBase-root-MuiButton-root"
                    tabindex="0"
                    type="submit"
                  >
                    保存
                    <span
                      class="MuiTouchRipple-root css-8je8zh-MuiTouchRipple-root"
                    />
                  </button>
                </div>
                <table
                  class="MuiTable-root table table-bordered css-rqglhn-MuiTable-root"
                >
                  <tbody
                    class="MuiTableBody-root css-apqrd9-MuiTableBody-root"
                  >
                    <tr
                      class="MuiTableRow-root css-1q1u3t4-MuiTableRow-root"
                    >
                      <td
                        class="MuiTableCell-root MuiTableCell-body MuiTableCell-sizeMedium css-1ex1afd-MuiTableCell-root"
                      >
                        エンティティ名
                      </td>
                      <td
                        class="MuiTableCell-root MuiTableCell-body MuiTableCell-sizeMedium css-1ex1afd-MuiTableCell-root"
                      >
                        <div
                          class="MuiInput-root MuiInput-underline MuiInputBase-root MuiInputBase-colorPrimary css-a88p61-MuiInputBase-root-MuiInput-root"
                        >
                          <input
                            class="MuiInput-input MuiInputBase-input css-1x51dt5-MuiInputBase-input-MuiInput-input"
                            name="name"
                            type="text"
                            value=""
                          />
                        </div>
                      </td>
                    </tr>
                    <tr
                      class="MuiTableRow-root css-1q1u3t4-MuiTableRow-root"
                    >
                      <td
                        class="MuiTableCell-root MuiTableCell-body MuiTableCell-sizeMedium css-1ex1afd-MuiTableCell-root"
                      >
                        備考
                      </td>
                      <td
                        class="MuiTableCell-root MuiTableCell-body MuiTableCell-sizeMedium css-1ex1afd-MuiTableCell-root"
                      >
                        <div
                          class="MuiInput-root MuiInput-underline MuiInputBase-root MuiInputBase-colorPrimary css-a88p61-MuiInputBase-root-MuiInput-root"
                        >
                          <input
                            class="MuiInput-input MuiInputBase-input css-1x51dt5-MuiInputBase-input-MuiInput-input"
                            name="note"
                            type="text"
                            value=""
                          />
                        </div>
                      </td>
                    </tr>
                    <tr
                      class="MuiTableRow-root css-1q1u3t4-MuiTableRow-root"
                    >
                      <td
                        class="MuiTableCell-root MuiTableCell-body MuiTableCell-sizeMedium css-1ex1afd-MuiTableCell-root"
                      >
                        サイドバーに表示
                      </td>
                      <td
                        class="MuiTableCell-root MuiTableCell-body MuiTableCell-sizeMedium css-1ex1afd-MuiTableCell-root"
                      >
                        <span
                          class="MuiCheckbox-root MuiCheckbox-colorPrimary MuiButtonBase-root MuiCheckbox-root MuiCheckbox-colorPrimary PrivateSwitchBase-root css-12wnr2w-MuiButtonBase-root-MuiCheckbox-root"
                        >
                          <input
                            class="PrivateSwitchBase-input css-1m9pwf3"
                            data-indeterminate="false"
                            type="checkbox"
                          />
                          <svg
                            aria-hidden="true"
                            class="MuiSvgIcon-root MuiSvgIcon-fontSizeMedium css-i4bv87-MuiSvgIcon-root"
                            data-testid="CheckBoxOutlineBlankIcon"
                            focusable="false"
                            viewBox="0 0 24 24"
                          >
                            <path
                              d="M19 5v14H5V5h14m0-2H5c-1.1 0-2 .9-2 2v14c0 1.1.9 2 2 2h14c1.1 0 2-.9 2-2V5c0-1.1-.9-2-2-2z"
                            />
                          </svg>
                          <span
                            class="MuiTouchRipple-root css-8je8zh-MuiTouchRipple-root"
                          />
                        </span>
                      </td>
                    </tr>
                  </tbody>
                </table>
                <table
                  class="MuiTable-root table table-bordered css-rqglhn-MuiTable-root"
                >
                  <thead
                    class="MuiTableHead-root css-15wwp11-MuiTableHead-root"
                  >
                    <tr
                      class="MuiTableRow-root MuiTableRow-head css-1q1u3t4-MuiTableRow-root"
                    >
                      <th
                        class="MuiTableCell-root MuiTableCell-head MuiTableCell-sizeMedium css-1ygcj2i-MuiTableCell-root"
                        scope="col"
                      >
                        属性名
                      </th>
                      <th
                        class="MuiTableCell-root MuiTableCell-head MuiTableCell-sizeMedium css-1ygcj2i-MuiTableCell-root"
                        scope="col"
                      >
                        型
                      </th>
                      <th
                        class="MuiTableCell-root MuiTableCell-head MuiTableCell-sizeMedium css-1ygcj2i-MuiTableCell-root"
                        scope="col"
                      >
                        オプション
                      </th>
                      <th
                        class="MuiTableCell-root MuiTableCell-head MuiTableCell-sizeMedium css-1ygcj2i-MuiTableCell-root"
                        scope="col"
                      />
                    </tr>
                  </thead>
                  <tbody
                    class="MuiTableBody-root css-apqrd9-MuiTableBody-root"
                    id="sortdata"
                  />
                </table>
              </div>
            </div>
            <div
              class="row MuiBox-root css-0"
            >
              <div
                class="col MuiBox-root css-0"
              >
                <button
                  class="MuiButton-root MuiButton-outlined MuiButton-outlinedPrimary MuiButton-sizeMedium MuiButton-outlinedSizeMedium MuiButtonBase-root makeStyles-button-4 css-1rwt2y5-MuiButtonBase-root-MuiButton-root"
                  tabindex="0"
                  type="button"
                >
                  属性追加
                  <span
                    class="MuiTouchRipple-root css-8je8zh-MuiTouchRipple-root"
                  />
                </button>
              </div>
            </div>
          </div>
        </form>
      </div>
      <div
        class="MuiBox-root css-0"
        hidden=""
      >
        <p
          class="MuiTypography-root MuiTypography-body1 css-ahj2mt-MuiTypography-root"
        >
          未作成のエンティティはWebhookを設定できません。まずエンティティを作成してください。
        </p>
      </div>
    </div>
  </div>,
  "debug": [Function],
  "findAllByAltText": [Function],
  "findAllByDisplayValue": [Function],
  "findAllByLabelText": [Function],
  "findAllByPlaceholderText": [Function],
  "findAllByRole": [Function],
  "findAllByTestId": [Function],
  "findAllByText": [Function],
  "findAllByTitle": [Function],
  "findByAltText": [Function],
  "findByDisplayValue": [Function],
  "findByLabelText": [Function],
  "findByPlaceholderText": [Function],
  "findByRole": [Function],
  "findByTestId": [Function],
  "findByText": [Function],
  "findByTitle": [Function],
  "getAllByAltText": [Function],
  "getAllByDisplayValue": [Function],
  "getAllByLabelText": [Function],
  "getAllByPlaceholderText": [Function],
  "getAllByRole": [Function],
  "getAllByTestId": [Function],
  "getAllByText": [Function],
  "getAllByTitle": [Function],
  "getByAltText": [Function],
  "getByDisplayValue": [Function],
  "getByLabelText": [Function],
  "getByPlaceholderText": [Function],
  "getByRole": [Function],
  "getByTestId": [Function],
  "getByText": [Function],
  "getByTitle": [Function],
  "queryAllByAltText": [Function],
  "queryAllByDisplayValue": [Function],
  "queryAllByLabelText": [Function],
  "queryAllByPlaceholderText": [Function],
  "queryAllByRole": [Function],
  "queryAllByTestId": [Function],
  "queryAllByText": [Function],
  "queryAllByTitle": [Function],
  "queryByAltText": [Function],
  "queryByDisplayValue": [Function],
  "queryByLabelText": [Function],
  "queryByPlaceholderText": [Function],
  "queryByRole": [Function],
  "queryByTestId": [Function],
  "queryByText": [Function],
  "queryByTitle": [Function],
  "rerender": [Function],
  "unmount": [Function],
}
`;
