// Jest Snapshot v1, https://goo.gl/fbAQLP

exports[`should match snapshot 1`] = `
Object {
  "asFragment": [Function],
  "baseElement": <body>
    <div>
      <div
        class="container MuiBox-root css-0"
      >
        <div
          class="makeStyles-frame-1 MuiBox-root css-0"
        >
          <div
            class="makeStyles-fixed-2 MuiBox-root css-0"
          >
            <div
              class="makeStyles-breadcrumb-3 MuiBox-root css-0"
            >
              <nav
                aria-label="breadcrumb"
                class="MuiTypography-root MuiTypography-body1 MuiBreadcrumbs-root css-63vwl1-MuiTypography-root-MuiBreadcrumbs-root"
              >
                <ol
                  class="MuiBreadcrumbs-ol css-4pdmu4-MuiBreadcrumbs-ol"
                >
                  <li
                    class="MuiBreadcrumbs-li"
                  >
                    <a
                      class="MuiTypography-root MuiTypography-body1 css-ahj2mt-MuiTypography-root"
                      href="/new-ui/"
                    >
                      Top
                    </a>
                  </li>
                  <li
                    aria-hidden="true"
                    class="MuiBreadcrumbs-separator css-1wuw8dw-MuiBreadcrumbs-separator"
                  >
                    /
                  </li>
                  <li
                    class="MuiBreadcrumbs-li"
                  >
                    <a
                      class="MuiTypography-root MuiTypography-body1 css-ahj2mt-MuiTypography-root"
                      href="/new-ui/entities"
                    >
                      エンティティ一覧
                    </a>
                  </li>
                  <li
                    aria-hidden="true"
                    class="MuiBreadcrumbs-separator css-1wuw8dw-MuiBreadcrumbs-separator"
                  >
                    /
                  </li>
                  <li
                    class="MuiBreadcrumbs-li"
                  >
                    <p
                      class="MuiTypography-root MuiTypography-body1 css-1gqyz35-MuiTypography-root"
                    >
                      変更履歴
                    </p>
                  </li>
                </ol>
              </nav>
            </div>
          </div>
        </div>
        <div
          class="MuiContainer-root MuiContainer-maxWidthLg css-18vyexx-MuiContainer-root"
        >
          <div
            class="MuiBox-root css-1y4fa2p"
          >
            <div
              class="MuiBox-root css-kgitkj"
            />
            <div
              class="MuiBox-root css-i9gxme"
            >
              <h2
                class="MuiTypography-root MuiTypography-h2 MuiTypography-alignCenter css-1gmnrtv-MuiTypography-root"
              >
                aaa
              </h2>
              <h4
                class="MuiTypography-root MuiTypography-h4 MuiTypography-alignCenter css-149xwtl-MuiTypography-root"
              >
                変更履歴
              </h4>
            </div>
            <div
              class="MuiBox-root css-kgitkj"
            >
              <button
                class="MuiButtonBase-root MuiIconButton-root MuiIconButton-sizeMedium css-78trlr-MuiButtonBase-root-MuiIconButton-root"
                tabindex="0"
                type="button"
              >
                <svg
                  aria-hidden="true"
                  class="MuiSvgIcon-root MuiSvgIcon-fontSizeMedium css-i4bv87-MuiSvgIcon-root"
                  data-testid="AppsIcon"
                  focusable="false"
                  viewBox="0 0 24 24"
                >
                  <path
                    d="M4 8h4V4H4v4zm6 12h4v-4h-4v4zm-6 0h4v-4H4v4zm0-6h4v-4H4v4zm6 0h4v-4h-4v4zm6-10v4h4V4h-4zm-6 4h4V4h-4v4zm6 6h4v-4h-4v4zm0 6h4v-4h-4v4z"
                  />
                </svg>
                <span
                  class="MuiTouchRipple-root css-8je8zh-MuiTouchRipple-root"
                />
              </button>
            </div>
          </div>
          <div
            class="MuiBox-root css-0"
          >
            <table
              class="MuiTable-root css-rqglhn-MuiTable-root"
            >
              <thead
                class="MuiTableHead-root css-15wwp11-MuiTableHead-root"
              >
                <tr
                  class="MuiTableRow-root MuiTableRow-head css-sabv7l-MuiTableRow-root"
                >
                  <th
                    class="MuiTableCell-root MuiTableCell-head MuiTableCell-sizeMedium css-qs7hxv-MuiTableCell-root"
                    scope="col"
                  >
                    内容
                  </th>
                  <th
                    class="MuiTableCell-root MuiTableCell-head MuiTableCell-sizeMedium css-qs7hxv-MuiTableCell-root"
                    scope="col"
                  >
                    変更前
                  </th>
                  <th
                    class="MuiTableCell-root MuiTableCell-head MuiTableCell-sizeMedium css-qs7hxv-MuiTableCell-root"
                    scope="col"
                  >
                    変更後
                  </th>
                  <th
                    class="MuiTableCell-root MuiTableCell-head MuiTableCell-sizeMedium css-qs7hxv-MuiTableCell-root"
                    scope="col"
                  >
                    実行日時
                  </th>
                  <th
                    class="MuiTableCell-root MuiTableCell-head MuiTableCell-sizeMedium css-qs7hxv-MuiTableCell-root"
                    scope="col"
                  >
                    実行者
                  </th>
                </tr>
              </thead>
              <tbody
                class="MuiTableBody-root css-apqrd9-MuiTableBody-root"
              >
                <tr
                  class="MuiTableRow-root css-1q1u3t4-MuiTableRow-root"
                >
                  <td
                    class="MuiTableCell-root MuiTableCell-body MuiTableCell-sizeMedium css-1ex1afd-MuiTableCell-root"
                  >
                    <p
                      class="MuiTypography-root MuiTypography-body1 css-ahj2mt-MuiTypography-root"
                    >
                      1
                       (
                      9
                      )
                    </p>
                  </td>
                  <td
                    class="MuiTableCell-root MuiTableCell-body MuiTableCell-sizeMedium css-1ex1afd-MuiTableCell-root"
                  >
                    <p
                      class="MuiTypography-root MuiTypography-body1 css-ahj2mt-MuiTypography-root"
                    >
                      TBD
                    </p>
                  </td>
                  <td
                    class="MuiTableCell-root MuiTableCell-body MuiTableCell-sizeMedium css-1ex1afd-MuiTableCell-root"
                  >
                    <p
                      class="MuiTypography-root MuiTypography-body1 css-ahj2mt-MuiTypography-root"
                    >
                      TBD
                    </p>
                  </td>
                  <td
                    class="MuiTableCell-root MuiTableCell-body MuiTableCell-sizeMedium css-1ex1afd-MuiTableCell-root"
                  >
                    2022/11/25 4:28:2
                  </td>
                  <td
                    class="MuiTableCell-root MuiTableCell-body MuiTableCell-sizeMedium css-1ex1afd-MuiTableCell-root"
                  >
                    aaa
                  </td>
                </tr>
                <tr
                  class="MuiTableRow-root css-1q1u3t4-MuiTableRow-root"
                >
                  <td
                    class="MuiTableCell-root MuiTableCell-body MuiTableCell-sizeMedium css-1ex1afd-MuiTableCell-root"
                  >
                    <p
                      class="MuiTypography-root MuiTypography-body1 css-ahj2mt-MuiTypography-root"
                    >
                      1
                       (
                      9
                      )
                    </p>
                  </td>
                  <td
                    class="MuiTableCell-root MuiTableCell-body MuiTableCell-sizeMedium css-1ex1afd-MuiTableCell-root"
                  >
                    <p
                      class="MuiTypography-root MuiTypography-body1 css-ahj2mt-MuiTypography-root"
                    >
                      TBD
                    </p>
                  </td>
                  <td
                    class="MuiTableCell-root MuiTableCell-body MuiTableCell-sizeMedium css-1ex1afd-MuiTableCell-root"
                  >
                    <p
                      class="MuiTypography-root MuiTypography-body1 css-ahj2mt-MuiTypography-root"
                    >
                      TBD
                    </p>
                  </td>
                  <td
                    class="MuiTableCell-root MuiTableCell-body MuiTableCell-sizeMedium css-1ex1afd-MuiTableCell-root"
                  >
                    2022/11/25 4:28:2
                  </td>
                  <td
                    class="MuiTableCell-root MuiTableCell-body MuiTableCell-sizeMedium css-1ex1afd-MuiTableCell-root"
                  >
                    bbb
                  </td>
                </tr>
              </tbody>
            </table>
            <div
              class="MuiBox-root css-1b33znm"
            >
              <div
                class="css-1p5q5e5-MuiStack-root"
              >
                <nav
                  aria-label="pagination navigation"
                  class="MuiPagination-root MuiPagination-text css-1oj2twp-MuiPagination-root"
                >
                  <ul
                    class="MuiPagination-ul css-wjh20t-MuiPagination-ul"
                  >
                    <li>
                      <button
                        aria-label="Go to previous page"
                        class="MuiButtonBase-root Mui-disabled MuiPaginationItem-root MuiPaginationItem-sizeMedium MuiPaginationItem-text MuiPaginationItem-circular MuiPaginationItem-textPrimary Mui-disabled MuiPaginationItem-previousNext css-1to7aaw-MuiButtonBase-root-MuiPaginationItem-root"
                        disabled=""
                        tabindex="-1"
                        type="button"
                      >
                        <svg
                          aria-hidden="true"
                          class="MuiSvgIcon-root MuiSvgIcon-fontSizeMedium MuiPaginationItem-icon css-g2z002-MuiSvgIcon-root-MuiPaginationItem-icon"
                          data-testid="NavigateBeforeIcon"
                          focusable="false"
                          viewBox="0 0 24 24"
                        >
                          <path
                            d="M15.41 7.41L14 6l-6 6 6 6 1.41-1.41L10.83 12z"
                          />
                        </svg>
                      </button>
                    </li>
                    <li>
                      <button
                        aria-current="true"
                        aria-label="page 1"
                        class="MuiButtonBase-root MuiPaginationItem-root MuiPaginationItem-sizeMedium MuiPaginationItem-text MuiPaginationItem-circular MuiPaginationItem-textPrimary Mui-selected MuiPaginationItem-page css-1to7aaw-MuiButtonBase-root-MuiPaginationItem-root"
                        tabindex="0"
                        type="button"
                      >
                        1
                        <span
                          class="MuiTouchRipple-root css-8je8zh-MuiTouchRipple-root"
                        />
                      </button>
                    </li>
                    <li>
                      <button
                        aria-label="Go to next page"
                        class="MuiButtonBase-root Mui-disabled MuiPaginationItem-root MuiPaginationItem-sizeMedium MuiPaginationItem-text MuiPaginationItem-circular MuiPaginationItem-textPrimary Mui-disabled MuiPaginationItem-previousNext css-1to7aaw-MuiButtonBase-root-MuiPaginationItem-root"
                        disabled=""
                        tabindex="-1"
                        type="button"
                      >
                        <svg
                          aria-hidden="true"
                          class="MuiSvgIcon-root MuiSvgIcon-fontSizeMedium MuiPaginationItem-icon css-g2z002-MuiSvgIcon-root-MuiPaginationItem-icon"
                          data-testid="NavigateNextIcon"
                          focusable="false"
                          viewBox="0 0 24 24"
                        >
                          <path
                            d="M10 6L8.59 7.41 13.17 12l-4.58 4.59L10 18l6-6z"
                          />
                        </svg>
                      </button>
                    </li>
                  </ul>
                </nav>
              </div>
            </div>
          </div>
        </div>
      </div>
    </div>
  </body>,
  "container": <div>
    <div
      class="container MuiBox-root css-0"
    >
      <div
        class="makeStyles-frame-1 MuiBox-root css-0"
      >
        <div
          class="makeStyles-fixed-2 MuiBox-root css-0"
        >
          <div
            class="makeStyles-breadcrumb-3 MuiBox-root css-0"
          >
            <nav
              aria-label="breadcrumb"
              class="MuiTypography-root MuiTypography-body1 MuiBreadcrumbs-root css-63vwl1-MuiTypography-root-MuiBreadcrumbs-root"
            >
              <ol
                class="MuiBreadcrumbs-ol css-4pdmu4-MuiBreadcrumbs-ol"
              >
                <li
                  class="MuiBreadcrumbs-li"
                >
                  <a
                    class="MuiTypography-root MuiTypography-body1 css-ahj2mt-MuiTypography-root"
                    href="/new-ui/"
                  >
                    Top
                  </a>
                </li>
                <li
                  aria-hidden="true"
                  class="MuiBreadcrumbs-separator css-1wuw8dw-MuiBreadcrumbs-separator"
                >
                  /
                </li>
                <li
                  class="MuiBreadcrumbs-li"
                >
                  <a
                    class="MuiTypography-root MuiTypography-body1 css-ahj2mt-MuiTypography-root"
                    href="/new-ui/entities"
                  >
                    エンティティ一覧
                  </a>
                </li>
                <li
                  aria-hidden="true"
                  class="MuiBreadcrumbs-separator css-1wuw8dw-MuiBreadcrumbs-separator"
                >
                  /
                </li>
                <li
                  class="MuiBreadcrumbs-li"
                >
                  <p
                    class="MuiTypography-root MuiTypography-body1 css-1gqyz35-MuiTypography-root"
                  >
                    変更履歴
                  </p>
                </li>
              </ol>
            </nav>
          </div>
        </div>
      </div>
      <div
        class="MuiContainer-root MuiContainer-maxWidthLg css-18vyexx-MuiContainer-root"
      >
        <div
          class="MuiBox-root css-1y4fa2p"
        >
          <div
            class="MuiBox-root css-kgitkj"
          />
          <div
            class="MuiBox-root css-i9gxme"
          >
            <h2
              class="MuiTypography-root MuiTypography-h2 MuiTypography-alignCenter css-1gmnrtv-MuiTypography-root"
            >
              aaa
            </h2>
            <h4
              class="MuiTypography-root MuiTypography-h4 MuiTypography-alignCenter css-149xwtl-MuiTypography-root"
            >
              変更履歴
            </h4>
          </div>
          <div
            class="MuiBox-root css-kgitkj"
          >
            <button
              class="MuiButtonBase-root MuiIconButton-root MuiIconButton-sizeMedium css-78trlr-MuiButtonBase-root-MuiIconButton-root"
              tabindex="0"
              type="button"
            >
              <svg
                aria-hidden="true"
                class="MuiSvgIcon-root MuiSvgIcon-fontSizeMedium css-i4bv87-MuiSvgIcon-root"
                data-testid="AppsIcon"
                focusable="false"
                viewBox="0 0 24 24"
              >
                <path
                  d="M4 8h4V4H4v4zm6 12h4v-4h-4v4zm-6 0h4v-4H4v4zm0-6h4v-4H4v4zm6 0h4v-4h-4v4zm6-10v4h4V4h-4zm-6 4h4V4h-4v4zm6 6h4v-4h-4v4zm0 6h4v-4h-4v4z"
                />
              </svg>
              <span
                class="MuiTouchRipple-root css-8je8zh-MuiTouchRipple-root"
              />
            </button>
          </div>
        </div>
        <div
          class="MuiBox-root css-0"
        >
          <table
            class="MuiTable-root css-rqglhn-MuiTable-root"
          >
            <thead
              class="MuiTableHead-root css-15wwp11-MuiTableHead-root"
            >
              <tr
                class="MuiTableRow-root MuiTableRow-head css-sabv7l-MuiTableRow-root"
              >
                <th
                  class="MuiTableCell-root MuiTableCell-head MuiTableCell-sizeMedium css-qs7hxv-MuiTableCell-root"
                  scope="col"
                >
                  内容
                </th>
                <th
                  class="MuiTableCell-root MuiTableCell-head MuiTableCell-sizeMedium css-qs7hxv-MuiTableCell-root"
                  scope="col"
                >
                  変更前
                </th>
                <th
                  class="MuiTableCell-root MuiTableCell-head MuiTableCell-sizeMedium css-qs7hxv-MuiTableCell-root"
                  scope="col"
                >
                  変更後
                </th>
                <th
                  class="MuiTableCell-root MuiTableCell-head MuiTableCell-sizeMedium css-qs7hxv-MuiTableCell-root"
                  scope="col"
                >
                  実行日時
                </th>
                <th
                  class="MuiTableCell-root MuiTableCell-head MuiTableCell-sizeMedium css-qs7hxv-MuiTableCell-root"
                  scope="col"
                >
                  実行者
                </th>
              </tr>
            </thead>
            <tbody
              class="MuiTableBody-root css-apqrd9-MuiTableBody-root"
            >
              <tr
                class="MuiTableRow-root css-1q1u3t4-MuiTableRow-root"
              >
                <td
                  class="MuiTableCell-root MuiTableCell-body MuiTableCell-sizeMedium css-1ex1afd-MuiTableCell-root"
                >
                  <p
                    class="MuiTypography-root MuiTypography-body1 css-ahj2mt-MuiTypography-root"
                  >
                    1
                     (
                    9
                    )
                  </p>
                </td>
                <td
                  class="MuiTableCell-root MuiTableCell-body MuiTableCell-sizeMedium css-1ex1afd-MuiTableCell-root"
                >
                  <p
                    class="MuiTypography-root MuiTypography-body1 css-ahj2mt-MuiTypography-root"
                  >
                    TBD
                  </p>
                </td>
                <td
                  class="MuiTableCell-root MuiTableCell-body MuiTableCell-sizeMedium css-1ex1afd-MuiTableCell-root"
                >
                  <p
                    class="MuiTypography-root MuiTypography-body1 css-ahj2mt-MuiTypography-root"
                  >
                    TBD
                  </p>
                </td>
                <td
                  class="MuiTableCell-root MuiTableCell-body MuiTableCell-sizeMedium css-1ex1afd-MuiTableCell-root"
                >
                  2022/11/25 4:28:2
                </td>
                <td
                  class="MuiTableCell-root MuiTableCell-body MuiTableCell-sizeMedium css-1ex1afd-MuiTableCell-root"
                >
                  aaa
                </td>
              </tr>
              <tr
                class="MuiTableRow-root css-1q1u3t4-MuiTableRow-root"
              >
                <td
                  class="MuiTableCell-root MuiTableCell-body MuiTableCell-sizeMedium css-1ex1afd-MuiTableCell-root"
                >
                  <p
                    class="MuiTypography-root MuiTypography-body1 css-ahj2mt-MuiTypography-root"
                  >
                    1
                     (
                    9
                    )
                  </p>
                </td>
                <td
                  class="MuiTableCell-root MuiTableCell-body MuiTableCell-sizeMedium css-1ex1afd-MuiTableCell-root"
                >
                  <p
                    class="MuiTypography-root MuiTypography-body1 css-ahj2mt-MuiTypography-root"
                  >
                    TBD
                  </p>
                </td>
                <td
                  class="MuiTableCell-root MuiTableCell-body MuiTableCell-sizeMedium css-1ex1afd-MuiTableCell-root"
                >
                  <p
                    class="MuiTypography-root MuiTypography-body1 css-ahj2mt-MuiTypography-root"
                  >
                    TBD
                  </p>
                </td>
                <td
                  class="MuiTableCell-root MuiTableCell-body MuiTableCell-sizeMedium css-1ex1afd-MuiTableCell-root"
                >
                  2022/11/25 4:28:2
                </td>
                <td
                  class="MuiTableCell-root MuiTableCell-body MuiTableCell-sizeMedium css-1ex1afd-MuiTableCell-root"
                >
                  bbb
                </td>
              </tr>
            </tbody>
          </table>
          <div
            class="MuiBox-root css-1b33znm"
          >
            <div
              class="css-1p5q5e5-MuiStack-root"
            >
              <nav
                aria-label="pagination navigation"
                class="MuiPagination-root MuiPagination-text css-1oj2twp-MuiPagination-root"
              >
                <ul
                  class="MuiPagination-ul css-wjh20t-MuiPagination-ul"
                >
                  <li>
                    <button
                      aria-label="Go to previous page"
                      class="MuiButtonBase-root Mui-disabled MuiPaginationItem-root MuiPaginationItem-sizeMedium MuiPaginationItem-text MuiPaginationItem-circular MuiPaginationItem-textPrimary Mui-disabled MuiPaginationItem-previousNext css-1to7aaw-MuiButtonBase-root-MuiPaginationItem-root"
                      disabled=""
                      tabindex="-1"
                      type="button"
                    >
                      <svg
                        aria-hidden="true"
                        class="MuiSvgIcon-root MuiSvgIcon-fontSizeMedium MuiPaginationItem-icon css-g2z002-MuiSvgIcon-root-MuiPaginationItem-icon"
                        data-testid="NavigateBeforeIcon"
                        focusable="false"
                        viewBox="0 0 24 24"
                      >
                        <path
                          d="M15.41 7.41L14 6l-6 6 6 6 1.41-1.41L10.83 12z"
                        />
                      </svg>
                    </button>
                  </li>
                  <li>
                    <button
                      aria-current="true"
                      aria-label="page 1"
                      class="MuiButtonBase-root MuiPaginationItem-root MuiPaginationItem-sizeMedium MuiPaginationItem-text MuiPaginationItem-circular MuiPaginationItem-textPrimary Mui-selected MuiPaginationItem-page css-1to7aaw-MuiButtonBase-root-MuiPaginationItem-root"
                      tabindex="0"
                      type="button"
                    >
                      1
                      <span
                        class="MuiTouchRipple-root css-8je8zh-MuiTouchRipple-root"
                      />
                    </button>
                  </li>
                  <li>
                    <button
                      aria-label="Go to next page"
                      class="MuiButtonBase-root Mui-disabled MuiPaginationItem-root MuiPaginationItem-sizeMedium MuiPaginationItem-text MuiPaginationItem-circular MuiPaginationItem-textPrimary Mui-disabled MuiPaginationItem-previousNext css-1to7aaw-MuiButtonBase-root-MuiPaginationItem-root"
                      disabled=""
                      tabindex="-1"
                      type="button"
                    >
                      <svg
                        aria-hidden="true"
                        class="MuiSvgIcon-root MuiSvgIcon-fontSizeMedium MuiPaginationItem-icon css-g2z002-MuiSvgIcon-root-MuiPaginationItem-icon"
                        data-testid="NavigateNextIcon"
                        focusable="false"
                        viewBox="0 0 24 24"
                      >
                        <path
                          d="M10 6L8.59 7.41 13.17 12l-4.58 4.59L10 18l6-6z"
                        />
                      </svg>
                    </button>
                  </li>
                </ul>
              </nav>
            </div>
          </div>
        </div>
      </div>
    </div>
  </div>,
  "debug": [Function],
  "findAllByAltText": [Function],
  "findAllByDisplayValue": [Function],
  "findAllByLabelText": [Function],
  "findAllByPlaceholderText": [Function],
  "findAllByRole": [Function],
  "findAllByTestId": [Function],
  "findAllByText": [Function],
  "findAllByTitle": [Function],
  "findByAltText": [Function],
  "findByDisplayValue": [Function],
  "findByLabelText": [Function],
  "findByPlaceholderText": [Function],
  "findByRole": [Function],
  "findByTestId": [Function],
  "findByText": [Function],
  "findByTitle": [Function],
  "getAllByAltText": [Function],
  "getAllByDisplayValue": [Function],
  "getAllByLabelText": [Function],
  "getAllByPlaceholderText": [Function],
  "getAllByRole": [Function],
  "getAllByTestId": [Function],
  "getAllByText": [Function],
  "getAllByTitle": [Function],
  "getByAltText": [Function],
  "getByDisplayValue": [Function],
  "getByLabelText": [Function],
  "getByPlaceholderText": [Function],
  "getByRole": [Function],
  "getByTestId": [Function],
  "getByText": [Function],
  "getByTitle": [Function],
  "queryAllByAltText": [Function],
  "queryAllByDisplayValue": [Function],
  "queryAllByLabelText": [Function],
  "queryAllByPlaceholderText": [Function],
  "queryAllByRole": [Function],
  "queryAllByTestId": [Function],
  "queryAllByText": [Function],
  "queryAllByTitle": [Function],
  "queryByAltText": [Function],
  "queryByDisplayValue": [Function],
  "queryByLabelText": [Function],
  "queryByPlaceholderText": [Function],
  "queryByRole": [Function],
  "queryByTestId": [Function],
  "queryByText": [Function],
  "queryByTitle": [Function],
  "rerender": [Function],
  "unmount": [Function],
}
`;
