// Jest Snapshot v1, https://goo.gl/fbAQLP

exports[`should match snapshot 1`] = `
Object {
  "asFragment": [Function],
  "baseElement": <body>
    <div>
      <div
        class="MuiBox-root css-1ylu0bo"
      >
        <div
          class="MuiBox-root css-1l11j2j"
        >
          <div
            class="makeStyles-wrapper-1 MuiBox-root css-0"
          >
            <div
              class="MuiToolbar-root MuiToolbar-gutters MuiToolbar-regular css-1t29gy6-MuiToolbar-root"
            >
              <nav
                aria-label="breadcrumb"
                class="MuiTypography-root MuiTypography-body1 MuiBreadcrumbs-root css-63vwl1-MuiTypography-root-MuiBreadcrumbs-root"
              >
                <ol
                  class="MuiBreadcrumbs-ol css-4pdmu4-MuiBreadcrumbs-ol"
                >
                  <li
                    class="MuiBreadcrumbs-li"
                  >
                    <a
                      class="MuiTypography-root MuiTypography-body1 css-ahj2mt-MuiTypography-root"
                      href="/new-ui/"
                    >
                      Top
                    </a>
                  </li>
                  <li
                    aria-hidden="true"
                    class="MuiBreadcrumbs-separator css-1wuw8dw-MuiBreadcrumbs-separator"
                  >
                    /
                  </li>
                  <li
                    class="MuiBreadcrumbs-li"
                  >
                    <a
                      class="MuiTypography-root MuiTypography-body1 css-ahj2mt-MuiTypography-root"
                      href="/new-ui/entities"
                    >
                      エンティティ一覧
                    </a>
                  </li>
                  <li
                    aria-hidden="true"
                    class="MuiBreadcrumbs-separator css-1wuw8dw-MuiBreadcrumbs-separator"
                  >
                    /
                  </li>
                  <li
                    class="MuiBreadcrumbs-li"
                  >
                    <a
                      class="MuiTypography-root MuiTypography-body1 css-ahj2mt-MuiTypography-root"
                      href="/new-ui/entities/2/entries"
                    >
                      bbb
                    </a>
                  </li>
                  <li
                    aria-hidden="true"
                    class="MuiBreadcrumbs-separator css-1wuw8dw-MuiBreadcrumbs-separator"
                  >
                    /
                  </li>
                  <li
                    class="MuiBreadcrumbs-li"
                  >
                    <p
                      class="MuiTypography-root MuiTypography-body1 css-1gqyz35-MuiTypography-root"
                    >
                      aaa
                    </p>
                  </li>
                </ol>
              </nav>
            </div>
          </div>
        </div>
        <div
          class="MuiBox-root css-ca23fy"
        />
        <div
          class="MuiContainer-root MuiContainer-maxWidthLg css-m0xtue-MuiContainer-root"
        >
          <div
            class="MuiBox-root css-k008qs"
          >
            <div
              class="MuiBox-root css-kgitkj"
            />
            <div
              class="MuiBox-root css-i9gxme"
            >
              <h2
                class="MuiTypography-root MuiTypography-h2 MuiTypography-alignCenter css-icizyq-MuiTypography-root"
              >
                aaa
              </h2>
              <h4
                class="MuiTypography-root MuiTypography-h4 MuiTypography-alignCenter css-149xwtl-MuiTypography-root"
              >
                エントリ詳細
              </h4>
            </div>
            <div
              class="MuiBox-root css-kgitkj"
            >
              <button
                class="MuiButtonBase-root MuiIconButton-root MuiIconButton-sizeMedium css-78trlr-MuiButtonBase-root-MuiIconButton-root"
                tabindex="0"
                type="button"
              >
                <svg
                  aria-hidden="true"
                  class="MuiSvgIcon-root MuiSvgIcon-fontSizeMedium css-i4bv87-MuiSvgIcon-root"
                  data-testid="AppsIcon"
                  focusable="false"
                  viewBox="0 0 24 24"
                >
                  <path
                    d="M4 8h4V4H4v4zm6 12h4v-4h-4v4zm-6 0h4v-4H4v4zm0-6h4v-4H4v4zm6 0h4v-4h-4v4zm6-10v4h4V4h-4zm-6 4h4V4h-4v4zm6 6h4v-4h-4v4zm0 6h4v-4h-4v4z"
                  />
                </svg>
                <span
                  class="MuiTouchRipple-root css-8je8zh-MuiTouchRipple-root"
                />
              </button>
            </div>
          </div>
        </div>
        <div
          class="css-1p01se3-MuiStack-root"
        >
          <div
            class="MuiButtonBase-root MuiChip-root MuiChip-outlined MuiChip-sizeMedium MuiChip-colorDefault MuiChip-clickable MuiChip-clickableColorDefault MuiChip-outlinedDefault css-1n5jo98-MuiButtonBase-root-MuiChip-root"
            role="button"
            tabindex="0"
          >
            <svg
              aria-hidden="true"
              class="MuiSvgIcon-root MuiSvgIcon-fontSizeMedium MuiChip-icon MuiChip-iconMedium MuiChip-iconColorDefault css-i4bv87-MuiSvgIcon-root"
              data-testid="ArrowDropDownIcon"
              focusable="false"
              viewBox="0 0 24 24"
            >
              <path
                d="m7 10 5 5 5-5z"
              />
            </svg>
            <span
              class="MuiChip-label MuiChip-labelMedium css-6od3lo-MuiChip-label"
            >
              項目一覧
            </span>
            <span
              class="MuiTouchRipple-root css-8je8zh-MuiTouchRipple-root"
            />
          </div>
        </div>
        <div
          class="MuiGrid-root MuiGrid-container css-3g06bi-MuiGrid-root"
        >
          <div
            class="MuiGrid-root MuiGrid-item MuiGrid-grid-xs-1 css-fpette-MuiGrid-root"
          >
            <div
              class="MuiBox-root css-0"
            >
              <div
                class="MuiBox-root css-gajhq5"
              >
                <p
                  class="MuiTypography-root MuiTypography-body1 css-xtv7g-MuiTypography-root"
                >
                  関連づけられたエントリ(計
                  1
                  )
                </p>
                <div
                  class="MuiFormControl-root MuiFormControl-fullWidth MuiTextField-root css-3wf0vq-MuiFormControl-root-MuiTextField-root"
                >
                  <div
                    class="MuiOutlinedInput-root MuiInputBase-root MuiInputBase-colorPrimary MuiInputBase-fullWidth MuiInputBase-formControl MuiInputBase-adornedStart css-8j6b76-MuiInputBase-root-MuiOutlinedInput-root"
                  >
                    <div
                      class="MuiInputAdornment-root MuiInputAdornment-positionStart MuiInputAdornment-outlined MuiInputAdornment-sizeMedium css-ittuaa-MuiInputAdornment-root"
                    >
                      <span
                        class="notranslate"
                      >
                        ​
                      </span>
                      <svg
                        aria-hidden="true"
                        class="MuiSvgIcon-root MuiSvgIcon-fontSizeMedium css-i4bv87-MuiSvgIcon-root"
                        data-testid="SearchIcon"
                        focusable="false"
                        viewBox="0 0 24 24"
                      >
                        <path
                          d="M15.5 14h-.79l-.28-.27C15.41 12.59 16 11.11 16 9.5 16 5.91 13.09 3 9.5 3S3 5.91 3 9.5 5.91 16 9.5 16c1.61 0 3.09-.59 4.23-1.57l.27.28v.79l5 4.99L20.49 19l-4.99-5zm-6 0C7.01 14 5 11.99 5 9.5S7.01 5 9.5 5 14 7.01 14 9.5 11.99 14 9.5 14z"
                        />
                      </svg>
                    </div>
                    <input
                      aria-invalid="false"
                      class="MuiOutlinedInput-input MuiInputBase-input MuiInputBase-inputAdornedStart css-1o9s3wi-MuiInputBase-input-MuiOutlinedInput-input"
                      id="mui-1"
                      placeholder="エントリを絞り込む"
                      type="text"
                      value=""
                    />
                    <fieldset
                      aria-hidden="true"
                      class="MuiOutlinedInput-notchedOutline css-1d3z3hw-MuiOutlinedInput-notchedOutline"
                    >
                      <legend
                        class="css-nnbavb"
                      >
                        <span
                          class="notranslate"
                        >
                          ​
                        </span>
                      </legend>
                    </fieldset>
                  </div>
                </div>
              </div>
              <ul
                class="MuiList-root MuiList-padding css-1dto0w0-MuiList-root"
              >
                <li
                  class="MuiListItem-root MuiListItem-gutters MuiListItem-divider css-1wa7a4p-MuiListItem-root"
                >
                  <a
                    class="MuiListItemButton-root MuiListItemButton-gutters MuiButtonBase-root css-cvhtoe-MuiButtonBase-root-MuiListItemButton-root"
                    href="/new-ui/entities/undefined/entries/1/details"
                    tabindex="0"
                  >
                    <div
                      class="MuiListItemText-root css-r83ncu-MuiListItemText-root"
                    >
                      <span
                        class="MuiTypography-root MuiTypography-body1 MuiListItemText-primary css-10hburv-MuiTypography-root"
                      >
                        aaa
                      </span>
                    </div>
                    <span
                      class="MuiTouchRipple-root css-8je8zh-MuiTouchRipple-root"
                    />
                  </a>
                </li>
              </ul>
            </div>
          </div>
          <div
            class="MuiGrid-root MuiGrid-item MuiGrid-grid-xs-4 css-12dpnmv-MuiGrid-root"
          >
            <div
              class="MuiBox-root css-1wcaknn"
            >
              <div
                name="attr_list"
              />
              <p
                class="MuiTypography-root MuiTypography-body1 MuiTypography-alignCenter css-lr5qxb-MuiTypography-root"
              >
                項目一覧
              </p>
              <div
                class="MuiPaper-root MuiPaper-elevation MuiPaper-rounded MuiPaper-elevation1 MuiTableContainer-root css-11xur9t-MuiPaper-root-MuiTableContainer-root"
              >
                <table
                  class="MuiTable-root css-rqglhn-MuiTable-root"
                >
                  <thead
                    class="MuiTableHead-root css-15n4dzy-MuiTableHead-root"
                  >
                    <tr
                      class="MuiTableRow-root MuiTableRow-head css-1q1u3t4-MuiTableRow-root"
                    >
                      <th
                        class="MuiTableCell-root MuiTableCell-head MuiTableCell-sizeMedium css-iptfz6-MuiTableCell-root"
                        scope="col"
                      >
                        項目
                      </th>
                      <th
                        class="MuiTableCell-root MuiTableCell-head MuiTableCell-sizeMedium css-iptfz6-MuiTableCell-root"
                        scope="col"
                      >
                        内容
                      </th>
                    </tr>
                  </thead>
                  <tbody
                    class="MuiTableBody-root css-apqrd9-MuiTableBody-root"
                  />
                </table>
              </div>
            </div>
          </div>
          <div
            class="MuiGrid-root MuiGrid-item MuiGrid-grid-xs-1 css-a0vo9r-MuiGrid-root"
          />
        </div>
      </div>
    </div>
  </body>,
  "container": <div>
    <div
      class="MuiBox-root css-1ylu0bo"
    >
      <div
        class="MuiBox-root css-1l11j2j"
      >
        <div
          class="makeStyles-wrapper-1 MuiBox-root css-0"
        >
          <div
            class="MuiToolbar-root MuiToolbar-gutters MuiToolbar-regular css-1t29gy6-MuiToolbar-root"
          >
            <nav
              aria-label="breadcrumb"
              class="MuiTypography-root MuiTypography-body1 MuiBreadcrumbs-root css-63vwl1-MuiTypography-root-MuiBreadcrumbs-root"
            >
              <ol
                class="MuiBreadcrumbs-ol css-4pdmu4-MuiBreadcrumbs-ol"
              >
                <li
                  class="MuiBreadcrumbs-li"
                >
                  <a
                    class="MuiTypography-root MuiTypography-body1 css-ahj2mt-MuiTypography-root"
                    href="/new-ui/"
                  >
                    Top
                  </a>
                </li>
                <li
                  aria-hidden="true"
                  class="MuiBreadcrumbs-separator css-1wuw8dw-MuiBreadcrumbs-separator"
                >
                  /
                </li>
                <li
                  class="MuiBreadcrumbs-li"
                >
                  <a
                    class="MuiTypography-root MuiTypography-body1 css-ahj2mt-MuiTypography-root"
                    href="/new-ui/entities"
                  >
                    エンティティ一覧
                  </a>
                </li>
                <li
                  aria-hidden="true"
                  class="MuiBreadcrumbs-separator css-1wuw8dw-MuiBreadcrumbs-separator"
                >
                  /
                </li>
                <li
                  class="MuiBreadcrumbs-li"
                >
                  <a
                    class="MuiTypography-root MuiTypography-body1 css-ahj2mt-MuiTypography-root"
                    href="/new-ui/entities/2/entries"
                  >
                    bbb
                  </a>
                </li>
                <li
                  aria-hidden="true"
                  class="MuiBreadcrumbs-separator css-1wuw8dw-MuiBreadcrumbs-separator"
                >
                  /
                </li>
                <li
                  class="MuiBreadcrumbs-li"
                >
                  <p
                    class="MuiTypography-root MuiTypography-body1 css-1gqyz35-MuiTypography-root"
                  >
                    aaa
                  </p>
                </li>
              </ol>
            </nav>
          </div>
        </div>
      </div>
      <div
        class="MuiBox-root css-ca23fy"
      />
      <div
        class="MuiContainer-root MuiContainer-maxWidthLg css-m0xtue-MuiContainer-root"
      >
        <div
          class="MuiBox-root css-k008qs"
        >
          <div
            class="MuiBox-root css-kgitkj"
          />
          <div
            class="MuiBox-root css-i9gxme"
          >
            <h2
              class="MuiTypography-root MuiTypography-h2 MuiTypography-alignCenter css-icizyq-MuiTypography-root"
            >
              aaa
            </h2>
            <h4
              class="MuiTypography-root MuiTypography-h4 MuiTypography-alignCenter css-149xwtl-MuiTypography-root"
            >
              エントリ詳細
            </h4>
          </div>
          <div
            class="MuiBox-root css-kgitkj"
          >
            <button
              class="MuiButtonBase-root MuiIconButton-root MuiIconButton-sizeMedium css-78trlr-MuiButtonBase-root-MuiIconButton-root"
              tabindex="0"
              type="button"
            >
              <svg
                aria-hidden="true"
                class="MuiSvgIcon-root MuiSvgIcon-fontSizeMedium css-i4bv87-MuiSvgIcon-root"
                data-testid="AppsIcon"
                focusable="false"
                viewBox="0 0 24 24"
              >
                <path
                  d="M4 8h4V4H4v4zm6 12h4v-4h-4v4zm-6 0h4v-4H4v4zm0-6h4v-4H4v4zm6 0h4v-4h-4v4zm6-10v4h4V4h-4zm-6 4h4V4h-4v4zm6 6h4v-4h-4v4zm0 6h4v-4h-4v4z"
                />
              </svg>
              <span
                class="MuiTouchRipple-root css-8je8zh-MuiTouchRipple-root"
              />
            </button>
          </div>
        </div>
      </div>
      <div
        class="css-1p01se3-MuiStack-root"
      >
        <div
          class="MuiButtonBase-root MuiChip-root MuiChip-outlined MuiChip-sizeMedium MuiChip-colorDefault MuiChip-clickable MuiChip-clickableColorDefault MuiChip-outlinedDefault css-1n5jo98-MuiButtonBase-root-MuiChip-root"
          role="button"
          tabindex="0"
        >
          <svg
            aria-hidden="true"
            class="MuiSvgIcon-root MuiSvgIcon-fontSizeMedium MuiChip-icon MuiChip-iconMedium MuiChip-iconColorDefault css-i4bv87-MuiSvgIcon-root"
            data-testid="ArrowDropDownIcon"
            focusable="false"
            viewBox="0 0 24 24"
          >
            <path
              d="m7 10 5 5 5-5z"
            />
          </svg>
          <span
            class="MuiChip-label MuiChip-labelMedium css-6od3lo-MuiChip-label"
          >
            項目一覧
          </span>
          <span
            class="MuiTouchRipple-root css-8je8zh-MuiTouchRipple-root"
          />
        </div>
      </div>
      <div
        class="MuiGrid-root MuiGrid-container css-3g06bi-MuiGrid-root"
      >
        <div
          class="MuiGrid-root MuiGrid-item MuiGrid-grid-xs-1 css-fpette-MuiGrid-root"
        >
          <div
            class="MuiBox-root css-0"
          >
            <div
              class="MuiBox-root css-gajhq5"
            >
              <p
                class="MuiTypography-root MuiTypography-body1 css-xtv7g-MuiTypography-root"
              >
                関連づけられたエントリ(計
                1
                )
              </p>
              <div
                class="MuiFormControl-root MuiFormControl-fullWidth MuiTextField-root css-3wf0vq-MuiFormControl-root-MuiTextField-root"
              >
                <div
                  class="MuiOutlinedInput-root MuiInputBase-root MuiInputBase-colorPrimary MuiInputBase-fullWidth MuiInputBase-formControl MuiInputBase-adornedStart css-8j6b76-MuiInputBase-root-MuiOutlinedInput-root"
                >
                  <div
                    class="MuiInputAdornment-root MuiInputAdornment-positionStart MuiInputAdornment-outlined MuiInputAdornment-sizeMedium css-ittuaa-MuiInputAdornment-root"
                  >
                    <span
                      class="notranslate"
                    >
                      ​
                    </span>
                    <svg
                      aria-hidden="true"
                      class="MuiSvgIcon-root MuiSvgIcon-fontSizeMedium css-i4bv87-MuiSvgIcon-root"
                      data-testid="SearchIcon"
                      focusable="false"
                      viewBox="0 0 24 24"
                    >
                      <path
                        d="M15.5 14h-.79l-.28-.27C15.41 12.59 16 11.11 16 9.5 16 5.91 13.09 3 9.5 3S3 5.91 3 9.5 5.91 16 9.5 16c1.61 0 3.09-.59 4.23-1.57l.27.28v.79l5 4.99L20.49 19l-4.99-5zm-6 0C7.01 14 5 11.99 5 9.5S7.01 5 9.5 5 14 7.01 14 9.5 11.99 14 9.5 14z"
                      />
                    </svg>
                  </div>
                  <input
                    aria-invalid="false"
                    class="MuiOutlinedInput-input MuiInputBase-input MuiInputBase-inputAdornedStart css-1o9s3wi-MuiInputBase-input-MuiOutlinedInput-input"
                    id="mui-1"
                    placeholder="エントリを絞り込む"
                    type="text"
                    value=""
                  />
                  <fieldset
                    aria-hidden="true"
                    class="MuiOutlinedInput-notchedOutline css-1d3z3hw-MuiOutlinedInput-notchedOutline"
                  >
                    <legend
                      class="css-nnbavb"
                    >
                      <span
                        class="notranslate"
                      >
                        ​
                      </span>
                    </legend>
                  </fieldset>
                </div>
              </div>
            </div>
            <ul
              class="MuiList-root MuiList-padding css-1dto0w0-MuiList-root"
            >
              <li
                class="MuiListItem-root MuiListItem-gutters MuiListItem-divider css-1wa7a4p-MuiListItem-root"
              >
                <a
                  class="MuiListItemButton-root MuiListItemButton-gutters MuiButtonBase-root css-cvhtoe-MuiButtonBase-root-MuiListItemButton-root"
                  href="/new-ui/entities/undefined/entries/1/details"
                  tabindex="0"
                >
                  <div
                    class="MuiListItemText-root css-r83ncu-MuiListItemText-root"
                  >
                    <span
                      class="MuiTypography-root MuiTypography-body1 MuiListItemText-primary css-10hburv-MuiTypography-root"
                    >
                      aaa
                    </span>
                  </div>
                  <span
                    class="MuiTouchRipple-root css-8je8zh-MuiTouchRipple-root"
                  />
                </a>
              </li>
            </ul>
          </div>
        </div>
        <div
          class="MuiGrid-root MuiGrid-item MuiGrid-grid-xs-4 css-12dpnmv-MuiGrid-root"
        >
          <div
            class="MuiBox-root css-1wcaknn"
          >
            <div
              name="attr_list"
            />
            <p
              class="MuiTypography-root MuiTypography-body1 MuiTypography-alignCenter css-lr5qxb-MuiTypography-root"
            >
              項目一覧
            </p>
            <div
              class="MuiPaper-root MuiPaper-elevation MuiPaper-rounded MuiPaper-elevation1 MuiTableContainer-root css-11xur9t-MuiPaper-root-MuiTableContainer-root"
            >
              <table
                class="MuiTable-root css-rqglhn-MuiTable-root"
              >
                <thead
                  class="MuiTableHead-root css-15n4dzy-MuiTableHead-root"
                >
                  <tr
                    class="MuiTableRow-root MuiTableRow-head css-1q1u3t4-MuiTableRow-root"
                  >
                    <th
                      class="MuiTableCell-root MuiTableCell-head MuiTableCell-sizeMedium css-iptfz6-MuiTableCell-root"
                      scope="col"
                    >
                      項目
                    </th>
                    <th
                      class="MuiTableCell-root MuiTableCell-head MuiTableCell-sizeMedium css-iptfz6-MuiTableCell-root"
                      scope="col"
                    >
                      内容
                    </th>
                  </tr>
                </thead>
                <tbody
                  class="MuiTableBody-root css-apqrd9-MuiTableBody-root"
                />
              </table>
            </div>
          </div>
        </div>
        <div
          class="MuiGrid-root MuiGrid-item MuiGrid-grid-xs-1 css-a0vo9r-MuiGrid-root"
        />
      </div>
    </div>
  </div>,
  "debug": [Function],
  "findAllByAltText": [Function],
  "findAllByDisplayValue": [Function],
  "findAllByLabelText": [Function],
  "findAllByPlaceholderText": [Function],
  "findAllByRole": [Function],
  "findAllByTestId": [Function],
  "findAllByText": [Function],
  "findAllByTitle": [Function],
  "findByAltText": [Function],
  "findByDisplayValue": [Function],
  "findByLabelText": [Function],
  "findByPlaceholderText": [Function],
  "findByRole": [Function],
  "findByTestId": [Function],
  "findByText": [Function],
  "findByTitle": [Function],
  "getAllByAltText": [Function],
  "getAllByDisplayValue": [Function],
  "getAllByLabelText": [Function],
  "getAllByPlaceholderText": [Function],
  "getAllByRole": [Function],
  "getAllByTestId": [Function],
  "getAllByText": [Function],
  "getAllByTitle": [Function],
  "getByAltText": [Function],
  "getByDisplayValue": [Function],
  "getByLabelText": [Function],
  "getByPlaceholderText": [Function],
  "getByRole": [Function],
  "getByTestId": [Function],
  "getByText": [Function],
  "getByTitle": [Function],
  "queryAllByAltText": [Function],
  "queryAllByDisplayValue": [Function],
  "queryAllByLabelText": [Function],
  "queryAllByPlaceholderText": [Function],
  "queryAllByRole": [Function],
  "queryAllByTestId": [Function],
  "queryAllByText": [Function],
  "queryAllByTitle": [Function],
  "queryByAltText": [Function],
  "queryByDisplayValue": [Function],
  "queryByLabelText": [Function],
  "queryByPlaceholderText": [Function],
  "queryByRole": [Function],
  "queryByTestId": [Function],
  "queryByText": [Function],
  "queryByTitle": [Function],
  "rerender": [Function],
  "unmount": [Function],
}
`;
