// Jest Snapshot v1, https://goo.gl/fbAQLP

exports[`should match snapshot 1`] = `
Object {
  "asFragment": [Function],
  "baseElement": <body>
    <div>
      <div
        class="container-fluid MuiBox-root css-0"
      >
        <div
          class="makeStyles-wrapper-1 MuiBox-root css-0"
        >
          <div
            class="MuiToolbar-root MuiToolbar-gutters MuiToolbar-regular css-1t29gy6-MuiToolbar-root"
          >
            <nav
              aria-label="breadcrumb"
              class="MuiTypography-root MuiTypography-body1 MuiBreadcrumbs-root css-63vwl1-MuiTypography-root-MuiBreadcrumbs-root"
            >
              <ol
                class="MuiBreadcrumbs-ol css-4pdmu4-MuiBreadcrumbs-ol"
              >
                <li
                  class="MuiBreadcrumbs-li"
                >
                  <a
                    class="MuiTypography-root MuiTypography-body1 css-ahj2mt-MuiTypography-root"
                    href="/new-ui/"
                  >
                    Top
                  </a>
                </li>
                <li
                  aria-hidden="true"
                  class="MuiBreadcrumbs-separator css-1wuw8dw-MuiBreadcrumbs-separator"
                >
                  /
                </li>
                <li
                  class="MuiBreadcrumbs-li"
                >
                  <p
                    class="MuiTypography-root MuiTypography-body1 css-1gqyz35-MuiTypography-root"
                  >
                    検索結果
                  </p>
                </li>
              </ol>
            </nav>
          </div>
        </div>
        <div
          class="MuiContainer-root MuiContainer-maxWidthLg css-1oqqzyl-MuiContainer-root"
        >
          <div
            class="MuiBox-root css-1m3p9o7"
          >
            <div
              class="MuiFormControl-root MuiFormControl-fullWidth MuiTextField-root css-14yyn9j-MuiFormControl-root-MuiTextField-root"
            >
              <div
                class="MuiOutlinedInput-root MuiInputBase-root MuiInputBase-colorPrimary MuiInputBase-fullWidth MuiInputBase-formControl MuiInputBase-sizeSmall MuiInputBase-adornedStart css-8j6b76-MuiInputBase-root-MuiOutlinedInput-root"
              >
                <div
                  class="MuiInputAdornment-root MuiInputAdornment-positionStart MuiInputAdornment-outlined MuiInputAdornment-sizeSmall css-ittuaa-MuiInputAdornment-root"
                >
                  <span
                    class="notranslate"
                  >
                    ​
                  </span>
                  <svg
                    aria-hidden="true"
                    class="MuiSvgIcon-root MuiSvgIcon-fontSizeMedium css-i4bv87-MuiSvgIcon-root"
                    data-testid="SearchIcon"
                    focusable="false"
                    viewBox="0 0 24 24"
                  >
                    <path
                      d="M15.5 14h-.79l-.28-.27C15.41 12.59 16 11.11 16 9.5 16 5.91 13.09 3 9.5 3S3 5.91 3 9.5 5.91 16 9.5 16c1.61 0 3.09-.59 4.23-1.57l.27.28v.79l5 4.99L20.49 19l-4.99-5zm-6 0C7.01 14 5 11.99 5 9.5S7.01 5 9.5 5 14 7.01 14 9.5 11.99 14 9.5 14z"
                    />
                  </svg>
                </div>
                <input
                  aria-invalid="false"
                  class="MuiOutlinedInput-input MuiInputBase-input MuiInputBase-inputSizeSmall MuiInputBase-inputAdornedStart css-1ua80n0-MuiInputBase-input-MuiOutlinedInput-input"
                  id="mui-1"
                  placeholder="Search"
                  type="text"
                  value="aaa"
                />
                <fieldset
                  aria-hidden="true"
                  class="MuiOutlinedInput-notchedOutline css-1d3z3hw-MuiOutlinedInput-notchedOutline"
                >
                  <legend
                    class="css-nnbavb"
                  >
                    <span
                      class="notranslate"
                    >
                      ​
                    </span>
                  </legend>
                </fieldset>
              </div>
            </div>
          </div>
          <div
            class="MuiPaper-root MuiPaper-elevation MuiPaper-rounded MuiPaper-elevation1 css-1ps6pg7-MuiPaper-root"
          >
            <div
              class="MuiPaper-root MuiPaper-elevation MuiPaper-rounded MuiPaper-elevation1 MuiTableContainer-root css-11xur9t-MuiPaper-root-MuiTableContainer-root"
            >
              <table
                class="MuiTable-root css-rqglhn-MuiTable-root"
              >
                <thead
                  class="MuiTableHead-root css-15wwp11-MuiTableHead-root"
                >
                  <tr
                    class="MuiTableRow-root MuiTableRow-head css-1q1u3t4-MuiTableRow-root"
                  >
                    <th
                      class="MuiTableCell-root MuiTableCell-head MuiTableCell-sizeMedium css-1ygcj2i-MuiTableCell-root"
                      scope="col"
                    >
                      <p
                        class="MuiTypography-root MuiTypography-body1 css-ahj2mt-MuiTypography-root"
                      >
                        エントリ名
                      </p>
                    </th>
                  </tr>
                </thead>
                <tbody
                  class="MuiTableBody-root css-apqrd9-MuiTableBody-root"
                >
                  <tr
                    class="MuiTableRow-root css-1q1u3t4-MuiTableRow-root"
                  >
                    <td
                      class="MuiTableCell-root MuiTableCell-body MuiTableCell-sizeMedium css-1ex1afd-MuiTableCell-root"
                    >
                      <a
                        class="MuiTypography-root MuiTypography-body1 css-ahj2mt-MuiTypography-root"
                        href="/new-ui/entries/1/show"
                      >
                        aaa
                      </a>
                    </td>
                  </tr>
                  <tr
                    class="MuiTableRow-root css-1q1u3t4-MuiTableRow-root"
                  >
                    <td
                      class="MuiTableCell-root MuiTableCell-body MuiTableCell-sizeMedium css-1ex1afd-MuiTableCell-root"
                    >
                      <a
                        class="MuiTypography-root MuiTypography-body1 css-ahj2mt-MuiTypography-root"
                        href="/new-ui/entries/2/show"
                      >
                        aaaaa
                      </a>
                    </td>
                  </tr>
                </tbody>
              </table>
            </div>
            <div
              class="MuiTablePagination-root css-jtlhu6-MuiTablePagination-root"
            >
              <div
                class="MuiToolbar-root MuiToolbar-gutters MuiToolbar-regular MuiTablePagination-toolbar css-11bfvty-MuiToolbar-root-MuiTablePagination-toolbar"
              >
                <div
                  class="MuiTablePagination-spacer css-1psng7p-MuiTablePagination-spacer"
                />
                <p
                  class="MuiTablePagination-selectLabel css-pdct74-MuiTablePagination-selectLabel"
                  id="mui-3"
                >
                  Rows per page:
                </p>
                <div
                  class="MuiInputBase-root MuiInputBase-colorPrimary css-16c50h-MuiInputBase-root-MuiTablePagination-select"
                >
                  <div
                    aria-expanded="false"
                    aria-haspopup="listbox"
                    aria-labelledby="mui-3 mui-2"
                    class="MuiTablePagination-select MuiSelect-select MuiSelect-standard MuiInputBase-input css-194a1fa-MuiSelect-select-MuiInputBase-input"
                    id="mui-2"
                    role="button"
                    tabindex="0"
                  >
                    100
                  </div>
                  <input
                    aria-hidden="true"
                    class="MuiSelect-nativeInput css-yf8vq0-MuiSelect-nativeInput"
                    tabindex="-1"
                    value="100"
                  />
                  <svg
                    aria-hidden="true"
                    class="MuiSvgIcon-root MuiSvgIcon-fontSizeMedium MuiTablePagination-selectIcon MuiSelect-icon MuiSelect-iconStandard css-pqjvzy-MuiSvgIcon-root-MuiSelect-icon"
                    data-testid="ArrowDropDownIcon"
                    focusable="false"
                    viewBox="0 0 24 24"
                  >
                    <path
                      d="M7 10l5 5 5-5z"
                    />
                  </svg>
                </div>
                <p
                  class="MuiTablePagination-displayedRows css-levciy-MuiTablePagination-displayedRows"
                >
                  1–2 of 2
                </p>
                <div
                  class="MuiTablePagination-actions"
                >
                  <button
                    aria-label="Go to previous page"
                    class="MuiButtonBase-root Mui-disabled MuiIconButton-root Mui-disabled MuiIconButton-colorInherit MuiIconButton-sizeMedium css-zylse7-MuiButtonBase-root-MuiIconButton-root"
                    disabled=""
                    tabindex="-1"
                    title="Go to previous page"
                    type="button"
                  >
                    <svg
                      aria-hidden="true"
                      class="MuiSvgIcon-root MuiSvgIcon-fontSizeMedium css-i4bv87-MuiSvgIcon-root"
                      data-testid="KeyboardArrowLeftIcon"
                      focusable="false"
                      viewBox="0 0 24 24"
                    >
                      <path
                        d="M15.41 16.09l-4.58-4.59 4.58-4.59L14 5.5l-6 6 6 6z"
                      />
                    </svg>
                  </button>
                  <button
                    aria-label="Go to next page"
                    class="MuiButtonBase-root Mui-disabled MuiIconButton-root Mui-disabled MuiIconButton-colorInherit MuiIconButton-sizeMedium css-zylse7-MuiButtonBase-root-MuiIconButton-root"
                    disabled=""
                    tabindex="-1"
                    title="Go to next page"
                    type="button"
                  >
                    <svg
                      aria-hidden="true"
                      class="MuiSvgIcon-root MuiSvgIcon-fontSizeMedium css-i4bv87-MuiSvgIcon-root"
                      data-testid="KeyboardArrowRightIcon"
                      focusable="false"
                      viewBox="0 0 24 24"
                    >
                      <path
                        d="M8.59 16.34l4.58-4.59-4.58-4.59L10 5.75l6 6-6 6z"
                      />
                    </svg>
                  </button>
                </div>
              </div>
            </div>
          </div>
        </div>
      </div>
    </div>
  </body>,
  "container": <div>
    <div
      class="container-fluid MuiBox-root css-0"
    >
      <div
        class="makeStyles-wrapper-1 MuiBox-root css-0"
      >
        <div
          class="MuiToolbar-root MuiToolbar-gutters MuiToolbar-regular css-1t29gy6-MuiToolbar-root"
        >
          <nav
            aria-label="breadcrumb"
            class="MuiTypography-root MuiTypography-body1 MuiBreadcrumbs-root css-63vwl1-MuiTypography-root-MuiBreadcrumbs-root"
          >
            <ol
              class="MuiBreadcrumbs-ol css-4pdmu4-MuiBreadcrumbs-ol"
            >
              <li
                class="MuiBreadcrumbs-li"
              >
                <a
                  class="MuiTypography-root MuiTypography-body1 css-ahj2mt-MuiTypography-root"
                  href="/new-ui/"
                >
                  Top
                </a>
              </li>
              <li
                aria-hidden="true"
                class="MuiBreadcrumbs-separator css-1wuw8dw-MuiBreadcrumbs-separator"
              >
                /
              </li>
              <li
                class="MuiBreadcrumbs-li"
              >
                <p
                  class="MuiTypography-root MuiTypography-body1 css-1gqyz35-MuiTypography-root"
                >
                  検索結果
                </p>
              </li>
            </ol>
          </nav>
        </div>
      </div>
      <div
        class="MuiContainer-root MuiContainer-maxWidthLg css-1oqqzyl-MuiContainer-root"
      >
        <div
          class="MuiBox-root css-1m3p9o7"
        >
          <div
            class="MuiFormControl-root MuiFormControl-fullWidth MuiTextField-root css-14yyn9j-MuiFormControl-root-MuiTextField-root"
          >
            <div
              class="MuiOutlinedInput-root MuiInputBase-root MuiInputBase-colorPrimary MuiInputBase-fullWidth MuiInputBase-formControl MuiInputBase-sizeSmall MuiInputBase-adornedStart css-8j6b76-MuiInputBase-root-MuiOutlinedInput-root"
            >
              <div
                class="MuiInputAdornment-root MuiInputAdornment-positionStart MuiInputAdornment-outlined MuiInputAdornment-sizeSmall css-ittuaa-MuiInputAdornment-root"
              >
                <span
                  class="notranslate"
                >
                  ​
                </span>
                <svg
                  aria-hidden="true"
                  class="MuiSvgIcon-root MuiSvgIcon-fontSizeMedium css-i4bv87-MuiSvgIcon-root"
                  data-testid="SearchIcon"
                  focusable="false"
                  viewBox="0 0 24 24"
                >
                  <path
                    d="M15.5 14h-.79l-.28-.27C15.41 12.59 16 11.11 16 9.5 16 5.91 13.09 3 9.5 3S3 5.91 3 9.5 5.91 16 9.5 16c1.61 0 3.09-.59 4.23-1.57l.27.28v.79l5 4.99L20.49 19l-4.99-5zm-6 0C7.01 14 5 11.99 5 9.5S7.01 5 9.5 5 14 7.01 14 9.5 11.99 14 9.5 14z"
                  />
                </svg>
              </div>
              <input
                aria-invalid="false"
                class="MuiOutlinedInput-input MuiInputBase-input MuiInputBase-inputSizeSmall MuiInputBase-inputAdornedStart css-1ua80n0-MuiInputBase-input-MuiOutlinedInput-input"
                id="mui-1"
                placeholder="Search"
                type="text"
                value="aaa"
              />
              <fieldset
                aria-hidden="true"
                class="MuiOutlinedInput-notchedOutline css-1d3z3hw-MuiOutlinedInput-notchedOutline"
              >
                <legend
                  class="css-nnbavb"
                >
                  <span
                    class="notranslate"
                  >
                    ​
                  </span>
                </legend>
              </fieldset>
            </div>
          </div>
        </div>
        <div
          class="MuiPaper-root MuiPaper-elevation MuiPaper-rounded MuiPaper-elevation1 css-1ps6pg7-MuiPaper-root"
        >
          <div
            class="MuiPaper-root MuiPaper-elevation MuiPaper-rounded MuiPaper-elevation1 MuiTableContainer-root css-11xur9t-MuiPaper-root-MuiTableContainer-root"
          >
            <table
              class="MuiTable-root css-rqglhn-MuiTable-root"
            >
              <thead
                class="MuiTableHead-root css-15wwp11-MuiTableHead-root"
              >
                <tr
                  class="MuiTableRow-root MuiTableRow-head css-1q1u3t4-MuiTableRow-root"
                >
                  <th
                    class="MuiTableCell-root MuiTableCell-head MuiTableCell-sizeMedium css-1ygcj2i-MuiTableCell-root"
                    scope="col"
                  >
                    <p
                      class="MuiTypography-root MuiTypography-body1 css-ahj2mt-MuiTypography-root"
                    >
                      エントリ名
                    </p>
                  </th>
                </tr>
              </thead>
              <tbody
                class="MuiTableBody-root css-apqrd9-MuiTableBody-root"
              >
                <tr
                  class="MuiTableRow-root css-1q1u3t4-MuiTableRow-root"
                >
                  <td
                    class="MuiTableCell-root MuiTableCell-body MuiTableCell-sizeMedium css-1ex1afd-MuiTableCell-root"
                  >
                    <a
                      class="MuiTypography-root MuiTypography-body1 css-ahj2mt-MuiTypography-root"
                      href="/new-ui/entries/1/show"
                    >
                      aaa
                    </a>
                  </td>
                </tr>
                <tr
                  class="MuiTableRow-root css-1q1u3t4-MuiTableRow-root"
                >
                  <td
                    class="MuiTableCell-root MuiTableCell-body MuiTableCell-sizeMedium css-1ex1afd-MuiTableCell-root"
                  >
                    <a
                      class="MuiTypography-root MuiTypography-body1 css-ahj2mt-MuiTypography-root"
                      href="/new-ui/entries/2/show"
                    >
                      aaaaa
                    </a>
                  </td>
                </tr>
              </tbody>
            </table>
          </div>
          <div
            class="MuiTablePagination-root css-jtlhu6-MuiTablePagination-root"
          >
            <div
              class="MuiToolbar-root MuiToolbar-gutters MuiToolbar-regular MuiTablePagination-toolbar css-11bfvty-MuiToolbar-root-MuiTablePagination-toolbar"
            >
              <div
                class="MuiTablePagination-spacer css-1psng7p-MuiTablePagination-spacer"
              />
              <p
                class="MuiTablePagination-selectLabel css-pdct74-MuiTablePagination-selectLabel"
                id="mui-3"
              >
                Rows per page:
              </p>
              <div
                class="MuiInputBase-root MuiInputBase-colorPrimary css-16c50h-MuiInputBase-root-MuiTablePagination-select"
              >
                <div
                  aria-expanded="false"
                  aria-haspopup="listbox"
                  aria-labelledby="mui-3 mui-2"
                  class="MuiTablePagination-select MuiSelect-select MuiSelect-standard MuiInputBase-input css-194a1fa-MuiSelect-select-MuiInputBase-input"
                  id="mui-2"
                  role="button"
                  tabindex="0"
                >
                  100
                </div>
                <input
                  aria-hidden="true"
                  class="MuiSelect-nativeInput css-yf8vq0-MuiSelect-nativeInput"
                  tabindex="-1"
                  value="100"
                />
                <svg
                  aria-hidden="true"
                  class="MuiSvgIcon-root MuiSvgIcon-fontSizeMedium MuiTablePagination-selectIcon MuiSelect-icon MuiSelect-iconStandard css-pqjvzy-MuiSvgIcon-root-MuiSelect-icon"
                  data-testid="ArrowDropDownIcon"
                  focusable="false"
                  viewBox="0 0 24 24"
                >
                  <path
                    d="M7 10l5 5 5-5z"
                  />
                </svg>
              </div>
              <p
                class="MuiTablePagination-displayedRows css-levciy-MuiTablePagination-displayedRows"
              >
                1–2 of 2
              </p>
              <div
                class="MuiTablePagination-actions"
              >
                <button
                  aria-label="Go to previous page"
                  class="MuiButtonBase-root Mui-disabled MuiIconButton-root Mui-disabled MuiIconButton-colorInherit MuiIconButton-sizeMedium css-zylse7-MuiButtonBase-root-MuiIconButton-root"
                  disabled=""
                  tabindex="-1"
                  title="Go to previous page"
                  type="button"
                >
                  <svg
                    aria-hidden="true"
                    class="MuiSvgIcon-root MuiSvgIcon-fontSizeMedium css-i4bv87-MuiSvgIcon-root"
                    data-testid="KeyboardArrowLeftIcon"
                    focusable="false"
                    viewBox="0 0 24 24"
                  >
                    <path
                      d="M15.41 16.09l-4.58-4.59 4.58-4.59L14 5.5l-6 6 6 6z"
                    />
                  </svg>
                </button>
                <button
                  aria-label="Go to next page"
                  class="MuiButtonBase-root Mui-disabled MuiIconButton-root Mui-disabled MuiIconButton-colorInherit MuiIconButton-sizeMedium css-zylse7-MuiButtonBase-root-MuiIconButton-root"
                  disabled=""
                  tabindex="-1"
                  title="Go to next page"
                  type="button"
                >
                  <svg
                    aria-hidden="true"
                    class="MuiSvgIcon-root MuiSvgIcon-fontSizeMedium css-i4bv87-MuiSvgIcon-root"
                    data-testid="KeyboardArrowRightIcon"
                    focusable="false"
                    viewBox="0 0 24 24"
                  >
                    <path
                      d="M8.59 16.34l4.58-4.59-4.58-4.59L10 5.75l6 6-6 6z"
                    />
                  </svg>
                </button>
              </div>
            </div>
          </div>
        </div>
      </div>
    </div>
  </div>,
  "debug": [Function],
  "findAllByAltText": [Function],
  "findAllByDisplayValue": [Function],
  "findAllByLabelText": [Function],
  "findAllByPlaceholderText": [Function],
  "findAllByRole": [Function],
  "findAllByTestId": [Function],
  "findAllByText": [Function],
  "findAllByTitle": [Function],
  "findByAltText": [Function],
  "findByDisplayValue": [Function],
  "findByLabelText": [Function],
  "findByPlaceholderText": [Function],
  "findByRole": [Function],
  "findByTestId": [Function],
  "findByText": [Function],
  "findByTitle": [Function],
  "getAllByAltText": [Function],
  "getAllByDisplayValue": [Function],
  "getAllByLabelText": [Function],
  "getAllByPlaceholderText": [Function],
  "getAllByRole": [Function],
  "getAllByTestId": [Function],
  "getAllByText": [Function],
  "getAllByTitle": [Function],
  "getByAltText": [Function],
  "getByDisplayValue": [Function],
  "getByLabelText": [Function],
  "getByPlaceholderText": [Function],
  "getByRole": [Function],
  "getByTestId": [Function],
  "getByText": [Function],
  "getByTitle": [Function],
  "queryAllByAltText": [Function],
  "queryAllByDisplayValue": [Function],
  "queryAllByLabelText": [Function],
  "queryAllByPlaceholderText": [Function],
  "queryAllByRole": [Function],
  "queryAllByTestId": [Function],
  "queryAllByText": [Function],
  "queryAllByTitle": [Function],
  "queryByAltText": [Function],
  "queryByDisplayValue": [Function],
  "queryByLabelText": [Function],
  "queryByPlaceholderText": [Function],
  "queryByRole": [Function],
  "queryByTestId": [Function],
  "queryByText": [Function],
  "queryByTitle": [Function],
  "rerender": [Function],
  "unmount": [Function],
}
`;
